 BOOT

 Timestamp is 4f96ec77 (Wed Apr 25 02:09:59 2012)

 Preferred load address is 80000000

 Start         Length     Name                   Class
 0001:00000000 000067a4H .rdata                  CODE
 0001:000067a4 00000021H .rdata$debug            CODE
 0001:000067c8 0001cf2cH .text                   CODE
 0001:000236f4 00000038H .xdata                  CODE
 0001:0002372c 00000000H .edata                  CODE
 0002:00000000 000007acH .data                   DATA
 0002:000007c0 00013668H .bss                    DATA
 0003:00000000 0000116cH .pdata                  DATA

  Address         Publics by Value              Rva+Base       Lib:Object

 0000:00000000       ___safe_se_handler_table   00000000     <absolute>
 0000:00000000       ___safe_se_handler_count   00000000     <absolute>
 0001:0000001c       ??_C@_1BK@CBJMGBNP@?$AAF?$AAl?$AAa?$AAs?$AAh?$AA?5?$AAM?$AAe?$AAm?$AAo?$AAr?$AAy?$AA?$AA@ 8000101c     main.obj
 0001:00000038       ??_C@_1BK@NFPPEKBP@?$AAR?$AAT?$AAL?$AA?5?$AAR?$AAT?$AAL?$AA8?$AA1?$AA3?$AA9?$AA?5?$AA?$AA@ 80001038     main.obj
 0001:00000054       ??_C@_1BK@NFJECCNH@?$AAA?$AAM?$AAD?$AA?5?$AAA?$AAm?$AA7?$AA9?$AAC?$AA9?$AA7?$AA3?$AA?$AA@ 80001054     main.obj
 0001:00000070       ??_C@_1BM@OIEDAOIB@?$AAV?$AAr?$AAc?$AA5?$AA4?$AA7?$AA7?$AA?5?$AAU?$AAA?$AAR?$AAT?$AA1?$AA?$AA@ 80001070     main.obj
 0001:0000008c       ??_C@_1BM@PLGBNMNB@?$AAR?$AAT?$AAL?$AA?5?$AAR?$AAT?$AAL?$AA8?$AA1?$AA3?$AA9?$AA?5?$AA?5?$AA?$AA@ 8000108c     main.obj
 0001:000000a8       ??_C@_1BM@LLCLGIJG@?$AAA?$AAM?$AAD?$AA?5?$AAA?$AAm?$AA7?$AA9?$AAC?$AA9?$AA7?$AA3?$AA?5?$AA?$AA@ 800010a8     main.obj
 0001:00000154       ??_C@_1EI@BAFKNFLN@?$AAP?$AAa?$AAg?$AAe?$AAd?$AA?5?$AAB?$AAo?$AAo?$AAt?$AA?5?$AAo?$AAn?$AA?5?$AAp?$AAa?$AAg?$AAe?$AA?5?$AA?$CF?$AAd?$AA?5?$AA?$CI?$AAD?$AAI?$AAP?$AA2?$AA?9?$AA5?$AA?5?$AAo?$AAn@ 80001154     main.obj
 0001:0000019c       ??_C@_1DC@PHGHIABG@?$AAF?$AAl?$AAa?$AAt?$AA?5?$AAB?$AAo?$AAo?$AAt?$AA?5?$AA?$CI?$AAD?$AAI?$AAP?$AA2?$AA?9?$AA5?$AA?5?$AAo?$AAf?$AAf?$AA?$CJ?$AA?$AN?$AA?6?$AA?$AA@ 8000119c     main.obj
 0001:000001d0       ??_C@_1DK@LJFHINBC@?$AAF?$AAl?$AAa?$AAs?$AAh?$AA?5?$AAE?$AAn?$AAa?$AAb?$AAl?$AAe?$AAd?$AA?5?$AA?$CI?$AAD?$AAI?$AAP?$AA2?$AA?9?$AA3?$AA?5?$AAo?$AAf?$AAf?$AA?$CJ?$AA?0?$AA?5?$AA?$AA@ 800011d0     main.obj
 0001:0000020c       ??_C@_1DK@BEAFIFLM@?$AAF?$AAl?$AAa?$AAs?$AAh?$AA?5?$AAD?$AAi?$AAs?$AAa?$AAb?$AAl?$AAe?$AAd?$AA?5?$AA?$CI?$AAD?$AAI?$AAP?$AA2?$AA?9?$AA3?$AA?5?$AAo?$AAn?$AA?$CJ?$AA?0?$AA?5?$AA?$AA@ 8000120c     main.obj
 0001:00000248       ??_C@_1HE@JGAODIIM@?$AAC?$AAP?$AAU?$AA?5?$AAM?$AAo?$AAd?$AAe?$AAl?$AA?5?$AA?$CF?$AAd?$AA?5?$AA?5?$AAS?$AAy?$AAs?$AAC?$AAl?$AAo?$AAc?$AAk?$AA?5?$AA?$CF?$AAd?$AA?5?$AA?5?$AAP?$AAC?$AAB?$AA?5?$AAR@ 80001248     main.obj
 0001:000002bc       ??_C@_1IM@NIIMJIPM@?$AAM?$AAi?$AAc?$AAr?$AAo?$AAs?$AAo?$AAf?$AAt?$AA?5?$AAW?$AAi?$AAn?$AAd?$AAo?$AAw?$AAs?$AA?5?$AAC?$AAE?$AA?5?$AAL?$AAo?$AAa?$AAd?$AAe?$AAr?$AA?5?$AA?$CF?$AAd?$AA?4?$AA?$CF@ 800012bc     main.obj
 0001:00000348       ??_C@_0M@HIIPFEKI@Apr?525?52012?$AA@ 80001348     main.obj
 0001:00000354       ??_C@_08CPBMGAMJ@02?309?351?$AA@ 80001354     main.obj
 0001:00000360       ??_C@_1HG@CHOHOFND@?$AAW?$AAA?$AAR?$AAN?$AA?3?$AA?5?$AAB?$AAo?$AAo?$AAt?$AA?5?$AAc?$AAo?$AAn?$AAf?$AAi?$AAg?$AA?5?$AAw?$AAa?$AAs?$AAn?$AA?8?$AAt?$AA?5?$AAf?$AAo?$AAu?$AAn?$AAd?$AA?5?$AAa@ 80001360     main.obj
 0001:000003d8       ??_C@_1FG@LAKEKI@?$AAI?$AAN?$AAF?$AAO?$AA?3?$AA?5?$AAB?$AAo?$AAo?$AAt?$AA?5?$AAc?$AAo?$AAn?$AAf?$AAi?$AAg?$AAu?$AAr?$AAa?$AAt?$AAi?$AAo?$AAn?$AA?5?$AAf?$AAo?$AAu?$AAn?$AAd?$AA?5?$AAa@ 800013d8     main.obj
 0001:00000430       ??_C@_1DA@EHCEJENN@?$AAI?$AAN?$AAF?$AAO?$AA?3?$AA?5?$AAP?$AAr?$AAe?$AAd?$AAo?$AAw?$AAn?$AAl?$AAo?$AAa?$AAd?$AA?4?$AA?4?$AA?4?$AA?4?$AA?$AN?$AA?6?$AA?$AA@ 80001430     main.obj
 0001:00000460       ??_C@_1HE@KCCEENHI@?$AAE?$AAR?$AAR?$AAO?$AAR?$AA?3?$AA?5?$AAK?$AAe?$AAr?$AAn?$AAe?$AAl?$AA?5?$AAr?$AAe?$AAt?$AAu?$AAr?$AAn?$AAs?$AA?5?$AAb?$AAa?$AAc?$AAk?$AA?5?$AAf?$AAr?$AAo?$AAm?$AA?5@ 80001460     main.obj
 0001:000004d4       ??_C@_1GC@EINNLBPI@?$AAI?$AAN?$AAF?$AAO?$AA?3?$AA?5?$AAL?$AAa?$AAu?$AAc?$AAh?$AA?5?$AAW?$AAi?$AAn?$AAd?$AAo?$AAw?$AAs?$AA?5?$AAC?$AAE?$AA?5?$AAb?$AAy?$AA?5?$AAj?$AAu?$AAm?$AAp?$AAi?$AAn@ 800014d4     main.obj
 0001:00000538       ??_C@_1GO@CMDEGPHO@?$AAE?$AAR?$AAR?$AAO?$AAR?$AA?3?$AA?5?$AAF?$AAa?$AAi?$AAl?$AAe?$AAd?$AA?5?$AAc?$AAo?$AAp?$AAy?$AA?5?$AAi?$AAm?$AAa?$AAg?$AAe?$AA?5?$AAf?$AAr?$AAo?$AAm?$AA?5?$AAf?$AAl@ 80001538     main.obj
 0001:000005a8       ??_C@_1HM@GENGICHA@?$AAI?$AAN?$AAF?$AAO?$AA?3?$AA?5?$AAL?$AAa?$AAu?$AAn?$AAc?$AAh?$AA?5?$AAa?$AAd?$AAd?$AAr?$AAe?$AAs?$AAs?$AA?5?$AAi?$AAn?$AA?5?$AAb?$AAo?$AAo?$AAt?$AA?5?$AAa?$AAd?$AAd@ 800015a8     main.obj
 0001:00000624       ??_C@_1FK@FEEFMKCA@?$AA?$CL?$AAO?$AAE?$AAM?$AAL?$AAa?$AAu?$AAn?$AAc?$AAh?$AA?$CI?$AA0?$AAx?$AA?$CF?$AA0?$AA8?$AAx?$AA?0?$AA?5?$AA0?$AAx?$AA?$CF?$AA0?$AA8?$AAx?$AA?0?$AA?5?$AA0?$AAx?$AA?$CF?$AA0?$AA8@ 80001624     main.obj
 0001:00000680       ??_C@_1EI@ICHMOAEH@?$AA?9?$AAO?$AAE?$AAM?$AAM?$AAa?$AAp?$AAM?$AAe?$AAm?$AAA?$AAd?$AAd?$AAr?$AA?$CI?$AAp?$AAA?$AAd?$AAd?$AAr?$AAe?$AAs?$AAs?$AA?5?$AA?$DN?$AA?5?$AA0?$AAx?$AA?$CF?$AA0?$AA8?$AAx@ 80001680     main.obj
 0001:000006c8       ??_C@_1EC@JMODNKDN@?$AA?$CL?$AAO?$AAE?$AAM?$AAM?$AAa?$AAp?$AAM?$AAe?$AAm?$AAA?$AAd?$AAd?$AAr?$AA?$CI?$AA0?$AAx?$AA?$CF?$AA0?$AA8?$AAx?$AA?0?$AA?5?$AA0?$AAx?$AA?$CF?$AA0?$AA8?$AAx?$AA?$CJ?$AA?$AN?$AA?6@ 800016c8     main.obj
 0001:0000082c       ??_C@_1BA@ICKOCNOC@?$AA?5?$AAD?$AAo?$AAn?$AAe?$AA?$AN?$AA?6?$AA?$AA@ 8000182c     flash.obj
 0001:0000083c       ??_C@_1EG@KGHEGCGO@?$AAC?$AAo?$AAp?$AAy?$AA?5?$AAi?$AAm?$AAa?$AAg?$AAe?$AA?5?$AAf?$AAr?$AAo?$AAm?$AA?5?$AAf?$AAl?$AAa?$AAs?$AAh?$AA?5?$AAt?$AAo?$AA?5?$AAm?$AAe?$AAm?$AAo?$AAr?$AAy?$AA?4@ 8000183c     flash.obj
 0001:00000884       ??_C@_1GE@JNJBCKD@?$AAE?$AAR?$AAR?$AAO?$AAR?$AA?3?$AA?5?$AAI?$AAm?$AAa?$AAg?$AAe?$AA?5?$AAi?$AAn?$AA?5?$AAf?$AAl?$AAa?$AAs?$AAh?$AA?5?$AAm?$AAe?$AAm?$AAo?$AAr?$AAy?$AA?5?$AAh?$AAa?$AAs@ 80001884     flash.obj
 0001:000008e8       ??_C@_1EG@FNGKEJDB@?$AA?5?$AA?5?$AA?5?$AA?5?$AAT?$AAr?$AAa?$AAc?$AAk?$AAi?$AAn?$AAg?$AA?5?$AAM?$AAe?$AAm?$AA?5?$AAL?$AAe?$AAn?$AAg?$AAt?$AAh?$AA?5?$AA?3?$AA?5?$AA0?$AAx?$AA?$CF?$AA0?$AA8?$AAx@ 800018e8     flash.obj
 0001:00000930       ??_C@_1EG@OGHCMOML@?$AA?5?$AA?5?$AA?5?$AA?5?$AAT?$AAr?$AAa?$AAc?$AAk?$AAi?$AAn?$AAg?$AA?5?$AAM?$AAe?$AAm?$AA?5?$AAS?$AAt?$AAa?$AAr?$AAt?$AA?5?$AA?5?$AA?3?$AA?5?$AA0?$AAx?$AA?$CF?$AA0?$AA8?$AAx@ 80001930     flash.obj
 0001:00000978       ??_C@_1EG@JHIPDCLH@?$AA?5?$AA?5?$AA?5?$AA?5?$AAE?$AAx?$AAt?$AAe?$AAn?$AAs?$AAi?$AAo?$AAn?$AAs?$AA?5?$AA?5?$AA?5?$AA?5?$AA?5?$AA?5?$AA?5?$AA?5?$AA?5?$AA?5?$AA?3?$AA?5?$AA0?$AAx?$AA?$CF?$AA0?$AA8?$AAx@ 80001978     flash.obj
 0001:000009c0       ??_C@_1EO@KIANHKHO@?$AA?5?$AA?5?$AA?5?$AA?5?$AAM?$AAi?$AAs?$AAc?$AAF?$AAl?$AAa?$AAg?$AAs?$AA?5?$AA?5?$AA?5?$AA?5?$AA?5?$AA?5?$AA?5?$AA?5?$AA?5?$AA?5?$AA?5?$AA?3?$AA?5?$AA?5?$AA?5?$AA?5?$AA?5?$AA0?$AAx@ 800019c0     flash.obj
 0001:00000a10       ??_C@_1EO@OLEOLABK@?$AA?5?$AA?5?$AA?5?$AA?5?$AAC?$AAP?$AAU?$AA?5?$AA?5?$AA?5?$AA?5?$AA?5?$AA?5?$AA?5?$AA?5?$AA?5?$AA?5?$AA?5?$AA?5?$AA?5?$AA?5?$AA?5?$AA?5?$AA?5?$AA?3?$AA?5?$AA?5?$AA?5?$AA?5?$AA?5?$AA0?$AAx@ 80001a10     flash.obj
 0001:00000a60       ??_C@_1EG@CICMPAJE@?$AA?5?$AA?5?$AA?5?$AA?5?$AAD?$AAr?$AAi?$AAv?$AAe?$AAr?$AA?5?$AAG?$AAl?$AAo?$AAb?$AA?5?$AAL?$AAe?$AAn?$AAg?$AAt?$AAh?$AA?5?$AA?5?$AA?3?$AA?5?$AA0?$AAx?$AA?$CF?$AA0?$AA8?$AAx@ 80001a60     flash.obj
 0001:00000aa8       ??_C@_1EG@LFKDFEDI@?$AA?5?$AA?5?$AA?5?$AA?5?$AAD?$AAr?$AAi?$AAv?$AAe?$AAr?$AA?5?$AAG?$AAl?$AAo?$AAb?$AA?5?$AAS?$AAt?$AAa?$AAr?$AAt?$AA?5?$AA?5?$AA?5?$AA?3?$AA?5?$AA0?$AAx?$AA?$CF?$AA0?$AA8?$AAx@ 80001aa8     flash.obj
 0001:00000af0       ??_C@_1EG@IKKNNBHK@?$AA?5?$AA?5?$AA?5?$AA?5?$AAF?$AAi?$AAl?$AAe?$AAS?$AAy?$AAs?$AA?5?$AAR?$AAA?$AAM?$AA?5?$AAP?$AAe?$AAr?$AAc?$AAe?$AAn?$AAt?$AA?5?$AA?3?$AA?5?$AA0?$AAx?$AA?$CF?$AA0?$AA8?$AAx@ 80001af0     flash.obj
 0001:00000b38       ??_C@_1EG@GJONNPDH@?$AA?5?$AA?5?$AA?5?$AA?5?$AAK?$AAe?$AAr?$AAn?$AAe?$AAl?$AA?5?$AAF?$AAl?$AAa?$AAg?$AAs?$AA?5?$AA?5?$AA?5?$AA?5?$AA?5?$AA?5?$AA?5?$AA?5?$AA?3?$AA?5?$AA0?$AAx?$AA?$CF?$AA0?$AA8?$AAx@ 80001b38     flash.obj
 0001:00000b80       ??_C@_1EC@LCOFPNBJ@?$AA?5?$AA?5?$AA?5?$AA?5?$AAN?$AAu?$AAm?$AA?5?$AAF?$AAi?$AAl?$AAe?$AAs?$AA?5?$AA?5?$AA?5?$AA?5?$AA?5?$AA?5?$AA?5?$AA?5?$AA?5?$AA?5?$AA?5?$AA?3?$AA?5?$AA?$CF?$AA1?$AA0?$AAd?$AA?$AN?$AA?6@ 80001b80     flash.obj
 0001:00000bc4       ??_C@_1EG@GBOCNMEN@?$AA?5?$AA?5?$AA?5?$AA?5?$AAP?$AAr?$AAo?$AAf?$AA?5?$AAS?$AAy?$AAm?$AAb?$AAo?$AAl?$AA?5?$AAO?$AAf?$AAf?$AAs?$AAe?$AAt?$AA?5?$AA?5?$AA?3?$AA?5?$AA0?$AAx?$AA?$CF?$AA0?$AA8?$AAx@ 80001bc4     flash.obj
 0001:00000c0c       ??_C@_1EG@IHPBEOKA@?$AA?5?$AA?5?$AA?5?$AA?5?$AAP?$AAr?$AAo?$AAf?$AA?5?$AAS?$AAy?$AAm?$AAb?$AAo?$AAl?$AA?5?$AAL?$AAe?$AAn?$AAg?$AAt?$AAh?$AA?5?$AA?5?$AA?3?$AA?5?$AA0?$AAx?$AA?$CF?$AA0?$AA8?$AAx@ 80001c0c     flash.obj
 0001:00000c54       ??_C@_1EG@FOHHOLHK@?$AA?5?$AA?5?$AA?5?$AA?5?$AAC?$AAo?$AAp?$AAy?$AA?5?$AAE?$AAn?$AAt?$AAr?$AAi?$AAe?$AAs?$AA?5?$AAO?$AAf?$AAf?$AAs?$AAe?$AAt?$AA?5?$AA?3?$AA?5?$AA0?$AAx?$AA?$CF?$AA0?$AA8?$AAx@ 80001c54     flash.obj
 0001:00000c9c       ??_C@_1EC@NINBBKBN@?$AA?5?$AA?5?$AA?5?$AA?5?$AAN?$AAu?$AAm?$AA?5?$AAC?$AAo?$AAp?$AAy?$AA?5?$AAE?$AAn?$AAt?$AAr?$AAi?$AAe?$AAs?$AA?5?$AA?5?$AA?5?$AA?5?$AA?3?$AA?5?$AA?$CF?$AA1?$AA0?$AAd?$AA?$AN?$AA?6@ 80001c9c     flash.obj
 0001:00000ce0       ??_C@_1EG@IAOGNNMI@?$AA?5?$AA?5?$AA?5?$AA?5?$AAR?$AAA?$AAM?$AA?5?$AAE?$AAn?$AAd?$AA?5?$AA?5?$AA?5?$AA?5?$AA?5?$AA?5?$AA?5?$AA?5?$AA?5?$AA?5?$AA?5?$AA?5?$AA?5?$AA?3?$AA?5?$AA0?$AAx?$AA?$CF?$AA0?$AA8?$AAx@ 80001ce0     flash.obj
 0001:00000d28       ??_C@_1EG@PHAKHAM@?$AA?5?$AA?5?$AA?5?$AA?5?$AAR?$AAA?$AAM?$AA?5?$AAF?$AAr?$AAe?$AAe?$AA?5?$AA?5?$AA?5?$AA?5?$AA?5?$AA?5?$AA?5?$AA?5?$AA?5?$AA?5?$AA?5?$AA?5?$AA?3?$AA?5?$AA0?$AAx?$AA?$CF?$AA0?$AA8?$AAx@ 80001d28     flash.obj
 0001:00000d70       ??_C@_1EG@IAJDFFBG@?$AA?5?$AA?5?$AA?5?$AA?5?$AAR?$AAA?$AAM?$AA?5?$AAS?$AAt?$AAa?$AAr?$AAt?$AA?5?$AA?5?$AA?5?$AA?5?$AA?5?$AA?5?$AA?5?$AA?5?$AA?5?$AA?5?$AA?5?$AA?3?$AA?5?$AA0?$AAx?$AA?$CF?$AA0?$AA8?$AAx@ 80001d70     flash.obj
 0001:00000db8       ??_C@_1EC@IHCJBEDK@?$AA?5?$AA?5?$AA?5?$AA?5?$AAN?$AAu?$AAm?$AA?5?$AAM?$AAo?$AAd?$AAu?$AAl?$AAe?$AAs?$AA?5?$AA?5?$AA?5?$AA?5?$AA?5?$AA?5?$AA?5?$AA?5?$AA?5?$AA?3?$AA?5?$AA?$CF?$AA1?$AA0?$AAd?$AA?$AN?$AA?6@ 80001db8     flash.obj
 0001:00000dfc       ??_C@_1EG@HLDHDPJ@?$AA?5?$AA?5?$AA?5?$AA?5?$AAP?$AAh?$AAy?$AAs?$AAi?$AAc?$AAa?$AAl?$AA?5?$AAL?$AAa?$AAs?$AAt?$AA?5?$AA?5?$AA?5?$AA?5?$AA?5?$AA?5?$AA?5?$AA?3?$AA?5?$AA0?$AAx?$AA?$CF?$AA0?$AA8?$AAx@ 80001dfc     flash.obj
 0001:00000e44       ??_C@_1EG@IDKCCCIJ@?$AA?5?$AA?5?$AA?5?$AA?5?$AAP?$AAh?$AAy?$AAs?$AAi?$AAc?$AAa?$AAl?$AA?5?$AAF?$AAi?$AAr?$AAs?$AAt?$AA?5?$AA?5?$AA?5?$AA?5?$AA?5?$AA?5?$AA?3?$AA?5?$AA0?$AAx?$AA?$CF?$AA0?$AA8?$AAx@ 80001e44     flash.obj
 0001:00000e8c       ??_C@_1EG@EFGBCMH@?$AA?5?$AA?5?$AA?5?$AA?5?$AAD?$AAL?$AAL?$AA?5?$AAL?$AAa?$AAs?$AAt?$AA?5?$AA?5?$AA?5?$AA?5?$AA?5?$AA?5?$AA?5?$AA?5?$AA?5?$AA?5?$AA?5?$AA?5?$AA?3?$AA?5?$AA0?$AAx?$AA?$CF?$AA0?$AA8?$AAx@ 80001e8c     flash.obj
 0001:00000ed4       ??_C@_1EG@FLHODNDO@?$AA?5?$AA?5?$AA?5?$AA?5?$AAD?$AAL?$AAL?$AA?5?$AAF?$AAi?$AAr?$AAs?$AAt?$AA?5?$AA?5?$AA?5?$AA?5?$AA?5?$AA?5?$AA?5?$AA?5?$AA?5?$AA?5?$AA?5?$AA?3?$AA?5?$AA0?$AAx?$AA?$CF?$AA0?$AA8?$AAx@ 80001ed4     flash.obj
 0001:00000f1c       ??_C@_1FO@LHJKOBMN@?$AAR?$AAO?$AAM?$AAH?$AAD?$AAR?$AA?5?$AA?$CI?$AAp?$AAT?$AAO?$AAC?$AA?5?$AA?$DN?$AA?5?$AA0?$AAx?$AA?$CF?$AA0?$AA8?$AAx?$AA?$CJ?$AA?5?$AA?9?$AA?9?$AA?9?$AA?9?$AA?9?$AA?9?$AA?9?$AA?9?$AA?9@ 80001f1c     flash.obj
 0001:00000f7c       ??_C@_15JNBOKNOG@?$AA?$AN?$AA?6?$AA?$AA@ 80001f7c     flash.obj
 0001:00000f84       ??_C@_1GG@BCBODEEL@?$AAE?$AAR?$AAR?$AAO?$AAR?$AA?3?$AA?5?$AAI?$AAm?$AAa?$AAg?$AAe?$AA?5?$AAS?$AAi?$AAg?$AAn?$AAa?$AAt?$AAu?$AAr?$AAe?$AA?5?$AAi?$AAn?$AA?5?$AAF?$AAl?$AAa?$AAs?$AAh?$AA?5@ 80001f84     flash.obj
 0001:00000fec       ??_C@_1FC@OJCPBAPO@?$AAI?$AAN?$AAF?$AAO?$AA?3?$AA?5?$AAT?$AAr?$AAy?$AA?5?$AAB?$AAo?$AAo?$AAt?$AA?5?$AAI?$AAm?$AAa?$AAg?$AAe?$AA?5?$AAf?$AAr?$AAo?$AAm?$AA?5?$AAf?$AAl?$AAa?$AAs?$AAh?$AA?5@ 80001fec     flash.obj
 0001:00001040       ??_C@_1DG@FBKAGMKG@?$AA?9?$AAO?$AAE?$AAM?$AAI?$AAs?$AAF?$AAl?$AAa?$AAs?$AAh?$AAA?$AAd?$AAd?$AAr?$AA?$CI?$AAr?$AAc?$AA?5?$AA?$DN?$AA?5?$AA?$CF?$AAd?$AA?$CJ?$AA?$AN?$AA?6?$AA?$AA@ 80002040     flash.obj
 0001:00001078       ??_C@_1DE@JMLJAABG@?$AA?$CL?$AAO?$AAE?$AAM?$AAI?$AAs?$AAF?$AAl?$AAa?$AAs?$AAh?$AAA?$AAd?$AAd?$AAr?$AA?$CI?$AA0?$AAx?$AA?$CF?$AA0?$AA8?$AAx?$AA?$CJ?$AA?$AN?$AA?6?$AA?$AA@ 80002078     flash.obj
 0001:000010ac       ??_C@_1DO@CGLKJNGE@?$AA?9?$AAO?$AAE?$AAM?$AAS?$AAt?$AAa?$AAr?$AAt?$AAE?$AAr?$AAa?$AAs?$AAe?$AAF?$AAl?$AAa?$AAs?$AAh?$AA?$CI?$AAr?$AAc?$AA?5?$AA?$DN?$AA?5?$AA?$CF?$AAd?$AA?$CJ?$AA?$AN?$AA?6?$AA?$AA@ 800020ac     flash.obj
 0001:000010ec       ??_C@_1IA@BKJIAKDF@?$AAO?$AAE?$AAM?$AAS?$AAt?$AAa?$AAr?$AAt?$AAE?$AAr?$AAa?$AAs?$AAe?$AAF?$AAl?$AAa?$AAs?$AAh?$AA?3?$AA?5?$AAI?$AAn?$AAv?$AAa?$AAl?$AAi?$AAd?$AA?5?$AAr?$AAe?$AAg?$AAi@ 800020ec     flash.obj
 0001:0000116c       ??_C@_1EM@JLOIOPDF@?$AA?$CL?$AAO?$AAE?$AAM?$AAS?$AAt?$AAa?$AAr?$AAt?$AAE?$AAr?$AAa?$AAs?$AAe?$AAF?$AAl?$AAa?$AAs?$AAh?$AA?$CI?$AA0?$AAx?$AA?$CF?$AA0?$AA8?$AAx?$AA?0?$AA?5?$AA0?$AAx?$AA?$CF?$AA0@ 8000216c     flash.obj
 0001:000011b8       ??_C@_1EA@NPFLJPF@?$AA?9?$AAO?$AAE?$AAM?$AAF?$AAi?$AAn?$AAi?$AAs?$AAh?$AAE?$AAr?$AAa?$AAs?$AAe?$AAF?$AAl?$AAa?$AAs?$AAh?$AA?$CI?$AAr?$AAc?$AA?5?$AA?$DN?$AA?5?$AA?$CF?$AAd?$AA?$CJ?$AA?$AN?$AA?6?$AA?$AA@ 800021b8     flash.obj
 0001:000011f8       ??_C@_1GC@DAANFOKL@?$AA?$AN?$AA?6?$AAE?$AAR?$AAR?$AAO?$AAR?$AA?3?$AA?5?$AAF?$AAl?$AAa?$AAs?$AAh?$AA?5?$AAe?$AAr?$AAa?$AAs?$AAe?$AA?5?$AAf?$AAo?$AAr?$AA?5?$AAa?$AAd?$AAd?$AAr?$AAe?$AAs?$AAs@ 800021f8     flash.obj
 0001:0000125c       ??_C@_1FI@FBIONAKB@?$AAE?$AAr?$AAa?$AAs?$AAe?$AA?5?$AAf?$AAl?$AAa?$AAs?$AAh?$AA?5?$AAm?$AAe?$AAm?$AAo?$AAr?$AAy?$AA?5?$AAa?$AAt?$AA?5?$AA0?$AAx?$AA?$CF?$AA0?$AA8?$AAx?$AA?5?$AAs?$AAi?$AAz@ 8000225c     flash.obj
 0001:000012b4       ??_C@_1CO@ELNGLNMG@?$AA?$CL?$AAO?$AAE?$AAM?$AAF?$AAi?$AAn?$AAi?$AAs?$AAh?$AAE?$AAr?$AAa?$AAs?$AAe?$AAF?$AAl?$AAa?$AAs?$AAh?$AA?$AN?$AA?6?$AA?$AA@ 800022b4     flash.obj
 0001:000012e4       ??_C@_1DE@IIHBJDKP@?$AA?9?$AAO?$AAE?$AAM?$AAW?$AAr?$AAi?$AAt?$AAe?$AAF?$AAl?$AAa?$AAs?$AAh?$AA?$CI?$AAr?$AAc?$AA?5?$AA?$DN?$AA?5?$AA?$CF?$AAd?$AA?$CJ?$AA?$AN?$AA?6?$AA?$AA@ 800022e4     flash.obj
 0001:00001318       ??_C@_1DM@EDHBPHBJ@?$AA?$AN?$AA?6?$AAE?$AAR?$AAR?$AAO?$AAR?$AA?3?$AA?5?$AAF?$AAl?$AAa?$AAs?$AAh?$AA?5?$AAw?$AAr?$AAi?$AAt?$AAe?$AA?5?$AAf?$AAa?$AAi?$AAl?$AAe?$AAd?$AA?$AN?$AA?6?$AA?$AA@ 80002318     flash.obj
 0001:00001354       ??_C@_1FI@CMDPHCGH@?$AAW?$AAr?$AAi?$AAt?$AAe?$AA?5?$AAf?$AAl?$AAa?$AAs?$AAh?$AA?5?$AAm?$AAe?$AAm?$AAo?$AAr?$AAy?$AA?5?$AAa?$AAt?$AA?5?$AA0?$AAx?$AA?$CF?$AA0?$AA8?$AAx?$AA?5?$AAs?$AAi?$AAz@ 80002354     flash.obj
 0001:000013ac       ??_C@_1FC@PFIKGINE@?$AAE?$AAR?$AAR?$AAO?$AAR?$AA?3?$AA?5?$AAO?$AAE?$AAM?$AAM?$AAa?$AAp?$AAM?$AAe?$AAm?$AAA?$AAd?$AAd?$AAr?$AA?5?$AAf?$AAa?$AAi?$AAl?$AAe?$AAd?$AA?5?$AAf?$AAo?$AAr?$AA?5@ 800023ac     flash.obj
 0001:00001400       ??_C@_1EA@HAOKPDJI@?$AA?$CL?$AAO?$AAE?$AAM?$AAW?$AAr?$AAi?$AAt?$AAe?$AAF?$AAl?$AAa?$AAs?$AAh?$AA?$CI?$AA0?$AAx?$AA?$CF?$AA0?$AA8?$AAx?$AA?0?$AA?5?$AA0?$AAx?$AA?$CF?$AA0?$AA8?$AAx?$AA?$AN?$AA?6?$AA?$AA@ 80002400     flash.obj
 0001:000014d0       ??_C@_1FK@GCLCJCHA@?$AAE?$AAR?$AAR?$AAO?$AAR?$AA?3?$AA?5?$AAE?$AAb?$AAo?$AAo?$AAt?$AAI?$AAn?$AAi?$AAt?$AAE?$AAt?$AAh?$AAe?$AAr?$AAT?$AAr?$AAa?$AAn?$AAs?$AAp?$AAo?$AAr?$AAt?$AA?5?$AAc@ 800024d0     eth.obj
 0001:0000152c       ??_C@_1DO@DBOGGMNK@?$AAI?$AAN?$AAF?$AAO?$AA?3?$AA?5?$AA?$CK?$AA?$CK?$AA?$CK?$AA?5?$AAD?$AAe?$AAv?$AAi?$AAc?$AAe?$AA?5?$AAN?$AAa?$AAm?$AAe?$AA?5?$AA?$CF?$AAS?$AA?5?$AA?$CK?$AA?$CK?$AA?$CK?$AA?$AN?$AA?6?$AA?$AA@ 8000252c     eth.obj
 0001:0000156c       ??_C@_05HLOLNAHC@SGEAR?$AA@ 8000256c     eth.obj
 0001:00001574       ??_C@_1EA@FEAPGDEK@?$AAI?$AAN?$AAF?$AAO?$AA?3?$AA?5?$AAB?$AAo?$AAo?$AAt?$AA?5?$AAd?$AAe?$AAv?$AAi?$AAc?$AAe?$AA?5?$AAu?$AAs?$AAe?$AAs?$AA?5?$AAM?$AAA?$AAC?$AA?5?$AA?$CF?$AAs?$AA?$AN?$AA?6?$AA?$AA@ 80002574     eth.obj
 0001:000015b4       ??_C@_1FK@FLKNKOOB@?$AAE?$AAR?$AAR?$AAO?$AAR?$AA?3?$AA?5?$AAB?$AAo?$AAo?$AAt?$AA?5?$AAd?$AAe?$AAv?$AAi?$AAc?$AAe?$AA?5?$AAd?$AAr?$AAi?$AAv?$AAe?$AAr?$AA?5?$AAI?$AAn?$AAi?$AAt?$AA?5?$AAc@ 800025b4     eth.obj
 0001:00001610       ??_C@_1GM@ODLKKIGI@?$AAE?$AAR?$AAR?$AAO?$AAR?$AA?3?$AA?5?$AAB?$AAo?$AAo?$AAt?$AA?5?$AAd?$AAe?$AAv?$AAi?$AAc?$AAe?$AA?5?$AAd?$AAr?$AAi?$AAv?$AAe?$AAr?$AA?5?$AAI?$AAn?$AAi?$AAt?$AAD?$AAm@ 80002610     eth.obj
 0001:0000167c       ??_C@_1HA@PBOCKLG@?$AAE?$AAR?$AAR?$AAO?$AAR?$AA?3?$AA?5?$AAB?$AAo?$AAo?$AAt?$AA?5?$AAd?$AAe?$AAv?$AAi?$AAc?$AAe?$AA?5?$AAd?$AAo?$AAe?$AAs?$AAn?$AA?8?$AAt?$AA?5?$AAe?$AAx?$AAi?$AAs?$AAt@ 8000267c     eth.obj
 0001:000016ec       ??_C@_1EM@NJOJANG@?$AAE?$AAR?$AAR?$AAO?$AAR?$AA?3?$AA?5?$AAP?$AAC?$AAI?$AA?5?$AAB?$AAu?$AAs?$AA?5?$AAc?$AAo?$AAn?$AAf?$AAi?$AAg?$AAu?$AAr?$AAa?$AAt?$AAi?$AAo?$AAn?$AA?5?$AAf?$AAa?$AAi@ 800026ec     eth.obj
 0001:000017c8       ??_C@_1FO@KLEPDFGH@?$AAI?$AAN?$AAF?$AAO?$AA?3?$AA?5?$AAO?$AAA?$AAL?$AAP?$AAC?$AAI?$AAI?$AAn?$AAi?$AAt?$AA?3?$AA?5?$AAA?$AAL?$AAI?$AA?5?$AAM?$AA1?$AA5?$AA3?$AA5?$AA?$CL?$AA?5?$AAB?$AAr?$AAi@ 800027c8     pci.obj
 0001:00001828       ??_C@_1KC@DCPEFFNH@?$AA?9?$AAO?$AAA?$AAL?$AAP?$AAC?$AAI?$AAT?$AAr?$AAa?$AAn?$AAs?$AAB?$AAu?$AAs?$AAA?$AAd?$AAd?$AAr?$AAe?$AAs?$AAs?$AA?$CI?$AAa?$AAd?$AAd?$AAr?$AAe?$AAs?$AAs?$AAS?$AAp@ 80002828     pci.obj
 0001:000018cc       ??_C@_1GC@GEGECAMG@?$AA?$CL?$AAO?$AAA?$AAL?$AAP?$AAC?$AAI?$AAT?$AAr?$AAa?$AAn?$AAs?$AAl?$AAa?$AAt?$AAe?$AAB?$AAu?$AAs?$AAA?$AAd?$AAd?$AAr?$AAe?$AAs?$AAs?$AA?$CI?$AA?$CF?$AAd?$AA?0?$AA?5?$AA0@ 800028cc     pci.obj
 0001:00001930       ??_C@_1BE@FNAHCCDL@?$AAM?$AAa?$AAi?$AAn?$AA?5?$AAM?$AAe?$AAn?$AAu?$AA?$AA@ 80002930     menu.obj
 0001:00001944       ??_C@_1BM@MOEMNNDE@?$AAS?$AAa?$AAv?$AAe?$AA?5?$AAS?$AAe?$AAt?$AAt?$AAi?$AAn?$AAg?$AAs?$AA?$AA@ 80002944     menu.obj
 0001:00001960       ??_C@_1CC@PCCBMLKB@?$AAN?$AAe?$AAt?$AAw?$AAo?$AAr?$AAk?$AA?5?$AAS?$AAe?$AAt?$AAt?$AAi?$AAn?$AAg?$AAs?$AA?$AA@ 80002960     menu.obj
 0001:00001984       ??_C@_1M@OPFBIOCF@?$AAD?$AAe?$AAb?$AAu?$AAg?$AA?$AA@ 80002984     menu.obj
 0001:00001990       ??_C@_1CI@KIGDFLEP@?$AAS?$AAe?$AAl?$AAe?$AAc?$AAt?$AA?5?$AAD?$AAe?$AAb?$AAu?$AAg?$AA?5?$AAD?$AAe?$AAv?$AAi?$AAc?$AAe?$AA?$AA@ 80002990     menu.obj
 0001:000019b8       ??_C@_19JCAOHIEH@?$AAB?$AAo?$AAo?$AAt?$AA?$AA@ 800029b8     menu.obj
 0001:000019c4       ??_C@_1CG@BBALNGAE@?$AAS?$AAe?$AAl?$AAe?$AAc?$AAt?$AA?5?$AAB?$AAo?$AAo?$AAt?$AA?5?$AAD?$AAe?$AAv?$AAi?$AAc?$AAe?$AA?$AA@ 800029c4     menu.obj
 0001:000019ec       ??_C@_1BM@BADAOJBC@?$AAS?$AAe?$AAt?$AA?5?$AAD?$AAe?$AAv?$AAi?$AAc?$AAe?$AA?5?$AAI?$AAd?$AA?$AA@ 800029ec     menu.obj
 0001:00001a08       ??_C@_1CE@DFLFAFMD@?$AAE?$AAx?$AAi?$AAt?$AA?5?$AAa?$AAn?$AAd?$AA?5?$AAC?$AAo?$AAn?$AAt?$AAi?$AAn?$AAu?$AAe?$AA?$AA@ 80002a08     menu.obj
 0001:00001a2c       ??_C@_1M@NJLEOPAB@?$AAV?$AAM?$AAI?$AAN?$AAI?$AA?$AA@ 80002a2c     menu.obj
 0001:00001a38       ??_C@_1CK@OKOLJFGH@?$AAE?$AAn?$AAa?$AAb?$AAl?$AAe?$AA?1?$AAd?$AAi?$AAs?$AAa?$AAb?$AAl?$AAe?$AA?5?$AAV?$AAM?$AAI?$AAN?$AAI?$AA?$AA@ 80002a38     menu.obj
 0001:00001a64       ??_C@_1BO@BODFGHPI@?$AAD?$AAe?$AAf?$AAa?$AAu?$AAl?$AAt?$AA?5?$AAr?$AAo?$AAu?$AAt?$AAe?$AAr?$AA?$AA@ 80002a64     menu.obj
 0001:00001a84       ??_C@_1CG@PDJPJAON@?$AAS?$AAe?$AAt?$AA?5?$AAd?$AAe?$AAf?$AAa?$AAu?$AAl?$AAt?$AA?5?$AAr?$AAo?$AAu?$AAt?$AAe?$AAr?$AA?$AA@ 80002a84     menu.obj
 0001:00001aac       ??_C@_1BI@BNFAJPCD@?$AAS?$AAe?$AAt?$AA?5?$AAI?$AAP?$AA?5?$AAm?$AAa?$AAs?$AAk?$AA?$AA@ 80002aac     menu.obj
 0001:00001ac4       ??_C@_1O@HAMLNBEA@?$AAD?$AAe?$AAv?$AAi?$AAc?$AAe?$AA?$AA@ 80002ac4     menu.obj
 0001:00001ad4       ??_C@_1BO@OBBADFOO@?$AAS?$AAe?$AAt?$AA?5?$AAI?$AAP?$AA?5?$AAa?$AAd?$AAd?$AAr?$AAe?$AAs?$AAs?$AA?$AA@ 80002ad4     menu.obj
 0001:00001af4       ??_C@_19DDJNJOGL@?$AAD?$AAH?$AAC?$AAP?$AA?$AA@ 80002af4     menu.obj
 0001:00001b00       ??_C@_1CI@OHHEPHNA@?$AAE?$AAn?$AAa?$AAb?$AAl?$AAe?$AA?1?$AAd?$AAi?$AAs?$AAa?$AAb?$AAl?$AAe?$AA?5?$AAD?$AAH?$AAC?$AAP?$AA?$AA@ 80002b00     menu.obj
 0001:00001b28       ??_C@_1CM@CFLHLMJF@?$AAS?$AAh?$AAo?$AAw?$AA?5?$AAC?$AAu?$AAr?$AAr?$AAe?$AAn?$AAt?$AA?5?$AAS?$AAe?$AAt?$AAt?$AAi?$AAn?$AAg?$AAs?$AA?$AA@ 80002b28     menu.obj
 0001:00001be4       ??_C@_1CK@ODMPECFK@?$AA?5?$AAV?$AAM?$AAI?$AAN?$AAI?$AA?3?$AA?5?$AA?5?$AA?5?$AA?5?$AA?5?$AA?5?$AA?5?$AA?5?$AA?5?$AA?$CF?$AAs?$AA?$AN?$AA?6?$AA?$AA@ 80002be4     menu.obj
 0001:00001c10       ??_C@_1CK@KOFNKLHH@?$AA?5?$AAI?$AAP?$AA?5?$AAr?$AAo?$AAu?$AAt?$AAe?$AAr?$AA?3?$AA?5?$AA?5?$AA?5?$AA?5?$AA?5?$AA?$CF?$AAs?$AA?$AN?$AA?6?$AA?$AA@ 80002c10     menu.obj
 0001:00001c3c       ??_C@_1CK@OHONKPBA@?$AA?5?$AAI?$AAP?$AA?5?$AAm?$AAa?$AAs?$AAk?$AA?3?$AA?5?$AA?5?$AA?5?$AA?5?$AA?5?$AA?5?$AA?5?$AA?$CF?$AAs?$AA?$AN?$AA?6?$AA?$AA@ 80002c3c     menu.obj
 0001:00001c68       ??_C@_1CK@NHIFKDBK@?$AA?5?$AAI?$AAP?$AA?5?$AAa?$AAd?$AAd?$AAr?$AAe?$AAs?$AAs?$AA?3?$AA?5?$AA?5?$AA?5?$AA?5?$AA?$CF?$AAs?$AA?$AN?$AA?6?$AA?$AA@ 80002c68     menu.obj
 0001:00001c94       ??_C@_1CK@GPMKOJFC@?$AA?5?$AAD?$AAH?$AAC?$AAP?$AA?3?$AA?5?$AA?5?$AA?5?$AA?5?$AA?5?$AA?5?$AA?5?$AA?5?$AA?5?$AA?5?$AA?$CF?$AAs?$AA?$AN?$AA?6?$AA?$AA@ 80002c94     menu.obj
 0001:00001cc0       ??_C@_1BC@LGPIFEA@?$AAd?$AAi?$AAs?$AAa?$AAb?$AAl?$AAe?$AAd?$AA?$AA@ 80002cc0     menu.obj
 0001:00001cd4       ??_C@_1BA@BKMGIBPB@?$AAe?$AAn?$AAa?$AAb?$AAl?$AAe?$AAd?$AA?$AA@ 80002cd4     menu.obj
 0001:00001ce4       ??_C@_1CK@PNHNBHMD@?$AA?5?$AAD?$AAe?$AAb?$AAu?$AAg?$AA?5?$AAd?$AAe?$AAv?$AAi?$AAc?$AAe?$AA?3?$AA?5?$AA?5?$AA?$CF?$AAs?$AA?$AN?$AA?6?$AA?$AA@ 80002ce4     menu.obj
 0001:00001d10       ??_C@_1CK@KEIOIPBM@?$AA?5?$AAB?$AAo?$AAo?$AAt?$AA?5?$AAd?$AAe?$AAv?$AAi?$AAc?$AAe?$AA?3?$AA?5?$AA?5?$AA?5?$AA?$CF?$AAs?$AA?$AN?$AA?6?$AA?$AA@ 80002d10     menu.obj
 0001:00001d3c       ??_C@_1CK@IAINKJGF@?$AA?5?$AAD?$AAe?$AAv?$AAi?$AAc?$AAe?$AA?5?$AAI?$AAd?$AA?3?$AA?5?$AA?5?$AA?5?$AA?5?$AA?5?$AA?$CF?$AAS?$AA?$AN?$AA?6?$AA?$AA@ 80002d3c     menu.obj
 0001:00001d68       ??_C@_0N@LKBAFPFA@?$CK?$CK?$CK?5auto?5?$CK?$CK?$CK?$AA@ 80002d68     menu.obj
 0001:00001d78       ??_C@_1EG@EPHHPOIA@?$AA?5?$AAC?$AAu?$AAr?$AAr?$AAe?$AAn?$AAt?$AA?5?$AAs?$AAe?$AAt?$AAt?$AAi?$AAn?$AAg?$AAs?$AA?5?$AAh?$AAa?$AAs?$AA?5?$AAb?$AAe?$AAe?$AAn?$AA?5?$AAs?$AAa?$AAv?$AAe?$AAd@ 80002d78     menu.obj
 0001:00001dc0       ??_C@_1DK@BBJDGIFJ@?$AA?5?$AAF?$AAl?$AAa?$AAs?$AAh?$AA?5?$AAm?$AAe?$AAm?$AAo?$AAr?$AAy?$AA?5?$AAw?$AAr?$AAi?$AAt?$AAe?$AA?5?$AAf?$AAa?$AAi?$AAl?$AAe?$AAd?$AA?$AN?$AA?6?$AA?$AA@ 80002dc0     menu.obj
 0001:00001dfc       ??_C@_1DK@HNIPIIIA@?$AA?5?$AAF?$AAl?$AAa?$AAs?$AAh?$AA?5?$AAm?$AAe?$AAm?$AAo?$AAr?$AAy?$AA?5?$AAe?$AAr?$AAa?$AAs?$AAe?$AA?5?$AAf?$AAa?$AAi?$AAl?$AAe?$AAd?$AA?$AN?$AA?6?$AA?$AA@ 80002dfc     menu.obj
 0001:00001e38       ??_C@_19DIEGALPP@?$AA?$CF?$AAc?$AA?$AN?$AA?6?$AA?$AA@ 80002e38     menu.obj
 0001:00001e44       ??_C@_1FG@NGGODBPB@?$AA?5?$AAD?$AAo?$AA?5?$AAy?$AAo?$AAu?$AA?5?$AAw?$AAa?$AAn?$AAt?$AA?5?$AAs?$AAa?$AAv?$AAe?$AA?5?$AAc?$AAu?$AAr?$AAr?$AAe?$AAn?$AAt?$AA?5?$AAs?$AAe?$AAt?$AAt?$AAi?$AAn@ 80002e44     menu.obj
 0001:00001fbc       ??_C@_1DO@JHJONFOE@?$AA?9?$AAO?$AAA?$AAL?$AAI?$AAo?$AAC?$AAt?$AAl?$AAH?$AAa?$AAl?$AAD?$AAd?$AAk?$AAC?$AAa?$AAl?$AAl?$AA?$CI?$AAr?$AAc?$AA?5?$AA?$DN?$AA?5?$AA?$CF?$AAd?$AA?$CJ?$AA?$AN?$AA?6?$AA?$AA@ 80002fbc     oal_io_pci:ioctl.obj
 0001:00001ffc       ??_C@_1HM@DONGDDHM@?$AAE?$AAR?$AAR?$AAO?$AAR?$AA?3?$AA?5?$AAO?$AAA?$AAL?$AAI?$AAo?$AAc?$AAt?$AAl?$AAH?$AAa?$AAl?$AAD?$AAd?$AAk?$AAC?$AAa?$AAl?$AAl?$AA?3?$AA?5?$AAU?$AAn?$AAs?$AAu?$AAp@ 80002ffc     oal_io_pci:ioctl.obj
 0001:00002078       ??_C@_1GE@BFODAIDF@?$AAE?$AAR?$AAR?$AAO?$AAR?$AA?3?$AA?5?$AAO?$AAA?$AAL?$AAI?$AAo?$AAc?$AAt?$AAl?$AAH?$AAa?$AAl?$AAD?$AAd?$AAk?$AAC?$AAa?$AAl?$AAl?$AA?3?$AA?5?$AAU?$AAn?$AAs?$AAu?$AAp@ 80003078     oal_io_pci:ioctl.obj
 0001:000020dc       ??_C@_1FM@IFHLCDE@?$AAE?$AAR?$AAR?$AAO?$AAR?$AA?3?$AAO?$AAA?$AAL?$AAI?$AAo?$AAc?$AAt?$AAl?$AAH?$AAa?$AAl?$AAD?$AAd?$AAk?$AAC?$AAa?$AAl?$AAl?$AA?3?$AA?5?$AAI?$AAN?$AAV?$AAA?$AAL?$AAI@ 800030dc     oal_io_pci:ioctl.obj
 0001:00002138       ??_C@_1DG@HOFDDFMH@?$AA?$CL?$AAO?$AAA?$AAL?$AAI?$AAo?$AAC?$AAt?$AAl?$AAH?$AAa?$AAl?$AAD?$AAd?$AAk?$AAC?$AAa?$AAl?$AAl?$AA?$CI?$AA?4?$AA?4?$AA?4?$AA?$CJ?$AA?$AN?$AA?6?$AA?$AA@ 80003138     oal_io_pci:ioctl.obj
 0001:00002200       ??_C@_1DK@DKAHFGMP@?$AA?9?$AAO?$AAA?$AAL?$AAI?$AAo?$AAB?$AAu?$AAs?$AAP?$AAo?$AAw?$AAe?$AAr?$AAO?$AAf?$AAf?$AA?$CI?$AAr?$AAc?$AA?5?$AA?$DN?$AA?5?$AA?$CF?$AAd?$AA?$CJ?$AA?$AN?$AA?6?$AA?$AA@ 80003200     oal_io_pci:power.obj
 0001:0000223c       ??_C@_1DI@PEAMECNB@?$AA?$CL?$AAO?$AAA?$AAL?$AAI?$AAo?$AAB?$AAu?$AAs?$AAP?$AAo?$AAw?$AAe?$AAr?$AAO?$AAf?$AAf?$AA?$CI?$AA?$CF?$AAd?$AA?0?$AA?5?$AA?$CF?$AAd?$AA?$CJ?$AA?$AN?$AA?6?$AA?$AA@ 8000323c     oal_io_pci:power.obj
 0001:00002274       ??_C@_1DI@BEKMCAGI@?$AA?9?$AAO?$AAA?$AAL?$AAI?$AAo?$AAB?$AAu?$AAs?$AAP?$AAo?$AAw?$AAe?$AAr?$AAO?$AAn?$AA?$CI?$AAr?$AAc?$AA?5?$AA?$DN?$AA?5?$AA?$CF?$AAd?$AA?$CJ?$AA?$AN?$AA?6?$AA?$AA@ 80003274     oal_io_pci:power.obj
 0001:000022ac       ??_C@_1DG@BNAKMMEE@?$AA?$CL?$AAO?$AAA?$AAL?$AAI?$AAo?$AAB?$AAu?$AAs?$AAP?$AAo?$AAw?$AAe?$AAr?$AAO?$AAn?$AA?$CI?$AA?$CF?$AAd?$AA?0?$AA?5?$AA?$CF?$AAd?$AA?$CJ?$AA?$AN?$AA?6?$AA?$AA@ 800032ac     oal_io_pci:power.obj
 0001:00002374       ??_C@_1KE@FCFGNLKM@?$AA?9?$AAO?$AAA?$AAL?$AAT?$AAr?$AAa?$AAn?$AAs?$AAl?$AAa?$AAt?$AAe?$AAB?$AAu?$AAs?$AAA?$AAd?$AAd?$AAr?$AAe?$AAs?$AAs?$AA?$CI?$AAa?$AAd?$AAd?$AAr?$AAe?$AAs?$AAs?$AAS@ 80003374     oal_io_pci:trans.obj
 0001:00002418       ??_C@_1GI@BPOGFGAB@?$AA?$CL?$AAO?$AAA?$AAL?$AAI?$AAo?$AAT?$AAr?$AAa?$AAn?$AAs?$AAl?$AAa?$AAt?$AAe?$AAB?$AAu?$AAs?$AAA?$AAd?$AAd?$AAr?$AAe?$AAs?$AAs?$AA?$CI?$AA?$CF?$AAd?$AA?0?$AA?5?$AA?$CF?$AAd@ 80003418     oal_io_pci:trans.obj
 0001:00002480       ??_C@_1HM@IKCJOCJL@?$AA?9?$AAO?$AAA?$AAL?$AAT?$AAr?$AAa?$AAn?$AAs?$AAl?$AAa?$AAt?$AAe?$AAS?$AAy?$AAs?$AAt?$AAe?$AAm?$AAA?$AAd?$AAd?$AAr?$AAe?$AAs?$AAs?$AA?$CI?$AAb?$AAu?$AAs?$AAA?$AAd@ 80003480     oal_io_pci:trans.obj
 0001:000024fc       ??_C@_1GC@GKDDBMML@?$AA?$CL?$AAO?$AAA?$AAL?$AAT?$AAr?$AAa?$AAn?$AAs?$AAl?$AAa?$AAt?$AAe?$AAS?$AAy?$AAs?$AAt?$AAe?$AAm?$AAA?$AAd?$AAd?$AAr?$AAe?$AAs?$AAs?$AA?$CI?$AA?$CF?$AAd?$AA?0?$AA?5?$AA?$CF@ 800034fc     oal_io_pci:trans.obj
 0001:00002560       ??_C@_1DA@CDAFDGML@?$AA?9?$AAO?$AAA?$AAL?$AAP?$AAC?$AAI?$AAC?$AAo?$AAn?$AAf?$AAi?$AAg?$AA?$CI?$AAr?$AAc?$AA?5?$AA?$DN?$AA?5?$AA1?$AA?$CJ?$AA?$AN?$AA?6?$AA?$AA@ 80003560     oal_pci_vrc5477_ms_v1:config.obj
 0001:00002590       ??_C@_1EG@JMAHGIHP@?$AAI?$AAN?$AAF?$AAO?$AA?3?$AA?5?$AAP?$AAC?$AAI?$AA?5?$AAc?$AAo?$AAn?$AAf?$AAi?$AAg?$AAu?$AAr?$AAa?$AAt?$AAi?$AAo?$AAn?$AA?5?$AAc?$AAo?$AAm?$AAp?$AAl?$AAe?$AAt?$AAe@ 80003590     oal_pci_vrc5477_ms_v1:config.obj
 0001:000025d8       ??_C@_1EA@EKBKBPKH@?$AAI?$AAN?$AAF?$AAO?$AA?3?$AA?5?$AAP?$AAC?$AAI?$AA?5?$AAc?$AAo?$AAn?$AAf?$AAi?$AAg?$AAu?$AAr?$AAa?$AAt?$AAi?$AAo?$AAn?$AA?5?$AAs?$AAt?$AAa?$AAr?$AAt?$AA?$AN?$AA?6?$AA?$AA@ 800035d8     oal_pci_vrc5477_ms_v1:config.obj
 0001:00002618       ??_C@_1IA@HBKNFIMP@?$AA?$CL?$AAO?$AAA?$AAL?$AAP?$AAC?$AAI?$AAC?$AAo?$AAn?$AAf?$AAi?$AAg?$AA?$CI?$AA?$CF?$AAd?$AA?0?$AA?5?$AA0?$AAx?$AA?$CF?$AA0?$AA8?$AAx?$AA?0?$AA?5?$AA0?$AAx?$AA?$CF?$AA0?$AA8?$AAx@ 80003618     oal_pci_vrc5477_ms_v1:config.obj
 0001:00002698       ??_C@_1GI@NMPJOLPG@?$AA?9?$AAP?$AAC?$AAI?$AAC?$AAo?$AAn?$AAf?$AAi?$AAg?$AAB?$AAu?$AAs?$AA?$CI?$AAs?$AAu?$AAb?$AAB?$AAu?$AAs?$AA?5?$AA?$DN?$AA?5?$AA?$CF?$AAd?$AA?0?$AA?5?$AAm?$AAe?$AAm?$AA?5?$AA?$DN@ 80003698     oal_pci_vrc5477_ms_v1:config.obj
 0001:00002700       ??_C@_1GM@HHBKNHON@?$AAI?$AAN?$AAF?$AAO?$AA?3?$AA?5?$AAB?$AAu?$AAs?$AA?5?$AA?$CF?$AAd?$AA?5?$AAD?$AAe?$AAv?$AAi?$AAc?$AAe?$AA?5?$AA?$CF?$AAd?$AA?3?$AA?5?$AAV?$AAe?$AAn?$AAd?$AAo?$AAr?$AAI?$AAd@ 80003700     oal_pci_vrc5477_ms_v1:config.obj
 0001:0000276c       ??_C@_1HA@IMKAPJPG@?$AA?$CL?$AAP?$AAC?$AAI?$AAC?$AAo?$AAn?$AAf?$AAi?$AAg?$AAB?$AAu?$AAs?$AA?$CI?$AA?$CF?$AAd?$AA?0?$AA?5?$AA?$CF?$AAd?$AA?0?$AA?5?$AA?$CF?$AAd?$AA?0?$AA?5?$AA0?$AAx?$AA?$CF?$AA0?$AA8?$AAx@ 8000376c     oal_pci_vrc5477_ms_v1:config.obj
 0001:000027dc       ??_C@_1GM@EDBDABME@?$AA?9?$AAP?$AAC?$AAI?$AAS?$AAc?$AAa?$AAn?$AAL?$AAo?$AAc?$AAa?$AAt?$AAi?$AAo?$AAn?$AA?$CI?$AAm?$AAe?$AAm?$AAB?$AAa?$AAs?$AAe?$AA?5?$AA?$DN?$AA?5?$AA0?$AAx?$AA?$CF?$AA0?$AA8@ 800037dc     oal_pci_vrc5477_ms_v1:config.obj
 0001:00002848       ??_C@_1HK@LMFBBPIM@?$AA?$CL?$AAP?$AAC?$AAI?$AAS?$AAc?$AAa?$AAn?$AAL?$AAo?$AAc?$AAa?$AAt?$AAi?$AAo?$AAn?$AA?$CI?$AA?$CF?$AAd?$AA?0?$AA?5?$AA?$CF?$AAd?$AA?1?$AA?$CF?$AAd?$AA?1?$AA?$CF?$AAd?$AA?0?$AA?5?$AA?$CF@ 80003848     oal_pci_vrc5477_ms_v1:config.obj
 0001:000028c4       ??_C@_1GM@POGKGJPM@?$AA?9?$AAP?$AAC?$AAI?$AAC?$AAo?$AAn?$AAf?$AAi?$AAg?$AAD?$AAe?$AAv?$AAi?$AAc?$AAe?$AA?$CI?$AAm?$AAe?$AAm?$AAB?$AAa?$AAs?$AAe?$AA?5?$AA?$DN?$AA?5?$AA0?$AAx?$AA?$CF?$AA0?$AA8@ 800038c4     oal_pci_vrc5477_ms_v1:config.obj
 0001:00002930       ??_C@_1GI@HEDILPDD@?$AAI?$AAN?$AAF?$AAO?$AA?3?$AA?5?$AAP?$AAC?$AAI?$AAC?$AAo?$AAn?$AAf?$AAi?$AAg?$AAD?$AAe?$AAv?$AAi?$AAc?$AAe?$AA?3?$AA?5?$AAM?$AAe?$AAm?$AA?5?$AAB?$AAA?$AAR?$AA?$FL?$AA?$CF@ 80003930     oal_pci_vrc5477_ms_v1:config.obj
 0001:00002998       ??_C@_1GO@ENKOGFDH@?$AAW?$AAA?$AAR?$AAN?$AAI?$AAN?$AAG?$AA?3?$AA?5?$AAP?$AAC?$AAI?$AAC?$AAo?$AAn?$AAf?$AAi?$AAg?$AAD?$AAe?$AAv?$AAi?$AAc?$AAe?$AA?3?$AA?5?$AA6?$AA4?$AA?5?$AAb?$AAi?$AAt@ 80003998     oal_pci_vrc5477_ms_v1:config.obj
 0001:00002a08       ??_C@_1GG@JIHPKAJL@?$AAI?$AAN?$AAF?$AAO?$AA?3?$AA?5?$AAP?$AAC?$AAI?$AAC?$AAo?$AAn?$AAf?$AAi?$AAg?$AAD?$AAe?$AAv?$AAi?$AAc?$AAe?$AA?3?$AA?5?$AAI?$AAO?$AA?5?$AAB?$AAA?$AAR?$AA?$FL?$AA?$CF?$AAd@ 80003a08     oal_pci_vrc5477_ms_v1:config.obj
 0001:00002a70       ??_C@_1GA@MHOBDJJH@?$AA?$CL?$AAP?$AAC?$AAI?$AAC?$AAo?$AAn?$AAf?$AAi?$AAg?$AAD?$AAe?$AAv?$AAi?$AAc?$AAe?$AA?$CI?$AA?$CF?$AAd?$AA?0?$AA?5?$AA?$CF?$AAd?$AA?1?$AA?$CF?$AAd?$AA?1?$AA?$CF?$AAd?$AA?0?$AA?5?$AA0@ 80003a70     oal_pci_vrc5477_ms_v1:config.obj
 0001:00002ad0       ??_C@_1GK@JFDBDMJF@?$AA?9?$AAP?$AAC?$AAI?$AAC?$AAo?$AAn?$AAf?$AAi?$AAg?$AAB?$AAr?$AAi?$AAd?$AAg?$AAe?$AA?$CI?$AAm?$AAe?$AAm?$AAB?$AAa?$AAs?$AAe?$AA?5?$AA?$DN?$AA?5?$AA0?$AAx?$AA?$CF?$AA0?$AA8@ 80003ad0     oal_pci_vrc5477_ms_v1:config.obj
 0001:00002b3c       ??_C@_1JA@KNMBBCKL@?$AA?$CL?$AAP?$AAC?$AAI?$AAC?$AAo?$AAn?$AAf?$AAi?$AAg?$AAB?$AAr?$AAi?$AAd?$AAg?$AAe?$AA?$CI?$AA?$CF?$AAd?$AA?0?$AA?5?$AA?$CF?$AAd?$AA?1?$AA?$CF?$AAd?$AA?1?$AA?$CF?$AAd?$AA?0?$AA?5?$AA?$CF@ 80003b3c     oal_pci_vrc5477_ms_v1:config.obj
 0001:00002c5c       ??_C@_1DK@MNHNABCO@?$AA?9?$AAO?$AAA?$AAL?$AAP?$AAC?$AAI?$AAC?$AAf?$AAg?$AAR?$AAe?$AAa?$AAd?$AA?$CI?$AAc?$AAo?$AAu?$AAn?$AAt?$AA?5?$AA?$DN?$AA?5?$AA?$CF?$AAd?$AA?$CJ?$AA?$AN?$AA?6?$AA?$AA@ 80003c5c     oal_pci_vrc5477_ms_v1:pci.obj
 0001:00002c98       ??_C@_1FK@CNBJLJNE@?$AAW?$AAA?$AAR?$AAN?$AA?3?$AA?5?$AAO?$AAA?$AAL?$AAP?$AAC?$AAI?$AAC?$AAf?$AAg?$AAR?$AAe?$AAa?$AAd?$AA?3?$AA?5?$AAU?$AAn?$AAs?$AAu?$AAp?$AAp?$AAo?$AAr?$AAt?$AAe?$AAd@ 80003c98     oal_pci_vrc5477_ms_v1:pci.obj
 0001:00002cf4       ??_C@_1FO@LANDCBKA@?$AA?$CL?$AAO?$AAA?$AAL?$AAP?$AAC?$AAI?$AAC?$AAf?$AAg?$AAR?$AAe?$AAa?$AAd?$AA?$CI?$AA?$CF?$AAd?$AA?0?$AA?5?$AA?$CF?$AAd?$AA?1?$AA?$CF?$AAd?$AA?1?$AA?$CF?$AAd?$AA?0?$AA?5?$AA?$CF?$AAd?$AA?0@ 80003cf4     oal_pci_vrc5477_ms_v1:pci.obj
 0001:00002d54       ??_C@_1DM@EPMIBKCC@?$AA?9?$AAO?$AAA?$AAL?$AAP?$AAC?$AAI?$AAC?$AAf?$AAg?$AAW?$AAr?$AAi?$AAt?$AAe?$AA?$CI?$AAc?$AAo?$AAu?$AAn?$AAt?$AA?5?$AA?$DN?$AA?5?$AA?$CF?$AAd?$AA?$CJ?$AA?$AN?$AA?6?$AA?$AA@ 80003d54     oal_pci_vrc5477_ms_v1:pci.obj
 0001:00002d90       ??_C@_1FM@EPMKIBLB@?$AAW?$AAA?$AAR?$AAN?$AA?3?$AA?5?$AAO?$AAA?$AAL?$AAP?$AAC?$AAI?$AAC?$AAf?$AAg?$AAW?$AAr?$AAi?$AAt?$AAe?$AA?3?$AA?5?$AAU?$AAn?$AAs?$AAu?$AAp?$AAp?$AAo?$AAr?$AAt?$AAe@ 80003d90     oal_pci_vrc5477_ms_v1:pci.obj
 0001:00002dec       ??_C@_1FO@NKAJPICI@?$AA?$CL?$AAO?$AAA?$AAL?$AAP?$AAC?$AAI?$AAC?$AAf?$AAg?$AAW?$AAr?$AAi?$AAt?$AAe?$AA?$CI?$AA?$CF?$AAd?$AA?0?$AA?5?$AA?$CF?$AAd?$AA?1?$AA?$CF?$AAd?$AA?1?$AA?$CF?$AAd?$AA?0?$AA?5?$AA?$CF?$AAd@ 80003dec     oal_pci_vrc5477_ms_v1:pci.obj
 0001:00002e4c       ??_C@_1EE@PJKFNFB@?$AA?9?$AAO?$AAA?$AAL?$AAP?$AAC?$AAI?$AAG?$AAe?$AAt?$AAD?$AAe?$AAv?$AAi?$AAc?$AAe?$AAI?$AAd?$AA?$CI?$AAi?$AAd?$AA?5?$AA?$DN?$AA?5?$AA0?$AAx?$AA?$CF?$AA0?$AA8?$AAx?$AA?$CJ?$AA?$AN@ 80003e4c     oal_pci_vrc5477_ms_v1:id.obj
 0001:00002e90       ??_C@_1EG@FOGMMDKF@?$AA?$CL?$AAO?$AAA?$AAL?$AAP?$AAC?$AAI?$AAG?$AAe?$AAt?$AAD?$AAe?$AAv?$AAi?$AAc?$AAe?$AAI?$AAd?$AA?$CI?$AA?$CF?$AAd?$AA?0?$AA?5?$AA?$CF?$AAd?$AA?1?$AA?$CF?$AAd?$AA?1?$AA?$CF?$AAd?$AA?$CJ@ 80003e90     oal_pci_vrc5477_ms_v1:id.obj
 0001:00002ed8       ??_C@_1FC@DPGHJDLI@?$AA?9?$AAO?$AAA?$AAL?$AAP?$AAC?$AAI?$AAG?$AAe?$AAt?$AAD?$AAe?$AAv?$AAi?$AAc?$AAe?$AAM?$AAB?$AAA?$AAR?$AA?$CI?$AAa?$AAd?$AAd?$AAr?$AAe?$AAs?$AAs?$AA?5?$AA?$DN?$AA?5?$AA0@ 80003ed8     oal_pci_vrc5477_ms_v1:id.obj
 0001:00002f2c       ??_C@_1FC@NCOHMGLL@?$AA?$CL?$AAO?$AAA?$AAL?$AAP?$AAC?$AAI?$AAG?$AAe?$AAt?$AAD?$AAe?$AAv?$AAi?$AAc?$AAe?$AAM?$AAB?$AAA?$AAR?$AA?$CI?$AA?$CF?$AAd?$AA?0?$AA?5?$AA?$CF?$AAd?$AA?1?$AA?$CF?$AAd?$AA?1?$AA?$CF@ 80003f2c     oal_pci_vrc5477_ms_v1:id.obj
 0001:00002f80       ??_C@_1FC@KFPMMNIB@?$AA?9?$AAO?$AAA?$AAL?$AAP?$AAC?$AAI?$AAG?$AAe?$AAt?$AAD?$AAe?$AAv?$AAi?$AAc?$AAe?$AAI?$AAn?$AAt?$AAe?$AAr?$AAr?$AAu?$AAp?$AAt?$AAP?$AAi?$AAn?$AA?$CI?$AAp?$AAi?$AAn@ 80003f80     oal_pci_vrc5477_ms_v1:id.obj
 0001:00002fd4       ??_C@_1GC@DFGHBFGL@?$AA?$CL?$AAO?$AAA?$AAL?$AAP?$AAC?$AAI?$AAG?$AAe?$AAt?$AAD?$AAe?$AAv?$AAi?$AAc?$AAe?$AAI?$AAn?$AAt?$AAe?$AAr?$AAr?$AAu?$AAp?$AAt?$AAP?$AAi?$AAn?$AA?$CI?$AA?$CF?$AAd?$AA?0@ 80003fd4     oal_pci_vrc5477_ms_v1:id.obj
 0001:00003038       ??_C@_1EI@IFJMDBCG@?$AA?9?$AAO?$AAA?$AAL?$AAP?$AAC?$AAI?$AAG?$AAe?$AAt?$AAH?$AAe?$AAa?$AAd?$AAe?$AAr?$AAT?$AAy?$AAp?$AAe?$AA?$CI?$AAt?$AAy?$AAp?$AAe?$AA?5?$AA?$DN?$AA?5?$AA?$CF?$AA0?$AA2?$AAx@ 80004038     oal_pci_vrc5477_ms_v1:id.obj
 0001:00003080       ??_C@_1FC@DMGEKDOE@?$AA?$CL?$AAO?$AAA?$AAL?$AAP?$AAC?$AAI?$AAG?$AAe?$AAt?$AAH?$AAe?$AAa?$AAd?$AAe?$AAr?$AAT?$AAy?$AAp?$AAe?$AA?$CI?$AA?$CF?$AAd?$AA?0?$AA?5?$AA?$CF?$AAd?$AA?1?$AA?$CF?$AAd?$AA?1?$AA?$CF@ 80004080     oal_pci_vrc5477_ms_v1:id.obj
 0001:000030d4       ??_C@_1EA@EAJIBAKP@?$AA?9?$AAO?$AAA?$AAL?$AAP?$AAC?$AAI?$AAG?$AAe?$AAt?$AAS?$AAu?$AAc?$AAB?$AAu?$AAs?$AAN?$AAu?$AAm?$AA?$CI?$AAn?$AAu?$AAm?$AA?5?$AA?$DN?$AA?5?$AA?$CF?$AAd?$AA?$CJ?$AA?$AN?$AA?6?$AA?$AA@ 800040d4     oal_pci_vrc5477_ms_v1:id.obj
 0001:00003114       ??_C@_1FA@BDFOPHMC@?$AA?$CL?$AAO?$AAA?$AAL?$AAP?$AAC?$AAI?$AAG?$AAe?$AAt?$AAS?$AAu?$AAc?$AAB?$AAu?$AAs?$AAN?$AAu?$AAm?$AA?$CI?$AA?$CF?$AAd?$AA?0?$AA?5?$AA?$CF?$AAd?$AA?1?$AA?$CF?$AAd?$AA?1?$AA?$CF?$AAd@ 80004114     oal_pci_vrc5477_ms_v1:id.obj
 0001:00003164       ??_C@_1EA@OPNMICOI@?$AA?9?$AAO?$AAA?$AAL?$AAP?$AAC?$AAI?$AAG?$AAe?$AAt?$AAS?$AAu?$AAb?$AAB?$AAu?$AAs?$AAN?$AAu?$AAm?$AA?$CI?$AAn?$AAu?$AAm?$AA?5?$AA?$DN?$AA?5?$AA?$CF?$AAd?$AA?$CJ?$AA?$AN?$AA?6?$AA?$AA@ 80004164     oal_pci_vrc5477_ms_v1:id.obj
 0001:000031a4       ??_C@_1FA@OMLOEBF@?$AA?$CL?$AAO?$AAA?$AAL?$AAP?$AAC?$AAI?$AAG?$AAe?$AAt?$AAS?$AAu?$AAb?$AAB?$AAu?$AAs?$AAN?$AAu?$AAm?$AA?$CI?$AA?$CF?$AAd?$AA?0?$AA?5?$AA?$CF?$AAd?$AA?1?$AA?$CF?$AAd?$AA?1?$AA?$CF?$AAd@ 800041a4     oal_pci_vrc5477_ms_v1:id.obj
 0001:00003284       ??_C@_1GM@LBPDAPNJ@?$AAI?$AAN?$AAF?$AAO?$AA?3?$AAO?$AAA?$AAL?$AAL?$AAo?$AAg?$AAS?$AAe?$AAt?$AAZ?$AAo?$AAn?$AAe?$AAs?$AA?3?$AA?5?$AAd?$AAp?$AAC?$AAu?$AAr?$AAS?$AAe?$AAt?$AAt?$AAi?$AAn@ 80004284     oal_log:debug.obj
 0001:00003380       ??_C@_1DC@LLEMLIAM@?$AA?9?$AAO?$AAA?$AAL?$AAF?$AAl?$AAa?$AAs?$AAh?$AAI?$AAn?$AAf?$AAo?$AA?$CI?$AAr?$AAc?$AA?5?$AA?$DN?$AA?5?$AA?$CF?$AAd?$AA?$CJ?$AA?$AN?$AA?6?$AA?$AA@ 80004380     oal_flash:flash.obj
 0001:000033b4       ??_C@_1DK@HABCIMDF@?$AA?$CL?$AAO?$AAA?$AAL?$AAF?$AAl?$AAa?$AAs?$AAh?$AAI?$AAn?$AAf?$AAo?$AA?$CI?$AA0?$AAx?$AA?$CF?$AA0?$AA8?$AAx?$AA?0?$AA?5?$AA?4?$AA?4?$AA?4?$AA?$CJ?$AA?$AN?$AA?6?$AA?$AA@ 800043b4     oal_flash:flash.obj
 0001:000033f0       ??_C@_1DE@HNBCKGCA@?$AA?9?$AAO?$AAA?$AAL?$AAF?$AAl?$AAa?$AAs?$AAh?$AAE?$AAr?$AAa?$AAs?$AAe?$AA?$CI?$AAr?$AAc?$AA?5?$AA?$DN?$AA?5?$AA?$CF?$AAd?$AA?$CJ?$AA?$AN?$AA?6?$AA?$AA@ 800043f0     oal_flash:flash.obj
 0001:00003424       ??_C@_1EO@JKEJJFHN@?$AAE?$AAR?$AAR?$AAO?$AAR?$AA?3?$AA?5?$AAF?$AAl?$AAa?$AAs?$AAh?$AA?5?$AAt?$AAy?$AAp?$AAe?$AA?5?$AA?$CF?$AAd?$AA?5?$AAi?$AAs?$AAn?$AA?8?$AAt?$AA?5?$AAs?$AAu?$AAp?$AAp?$AAo@ 80004424     oal_flash:flash.obj
 0001:00003474       ??_C@_1GI@CMIOIPEM@?$AAE?$AAR?$AAR?$AAO?$AAR?$AA?3?$AA?5?$AAO?$AAA?$AAL?$AAF?$AAl?$AAa?$AAs?$AAh?$AAE?$AAr?$AAa?$AAs?$AAe?$AA?5?$AAf?$AAa?$AAi?$AAl?$AAe?$AAd?$AA?5?$AAg?$AAe?$AAt?$AA?5@ 80004474     oal_flash:flash.obj
 0001:000034dc       ??_C@_1FC@JNEIGENB@?$AA?$CL?$AAO?$AAA?$AAL?$AAF?$AAl?$AAa?$AAs?$AAh?$AAE?$AAr?$AAa?$AAs?$AAe?$AA?$CI?$AA0?$AAx?$AA?$CF?$AA0?$AA8?$AAx?$AA?0?$AA?5?$AA0?$AAx?$AA?$CF?$AA0?$AA8?$AAx?$AA?0?$AA?5?$AA0@ 800044dc     oal_flash:flash.obj
 0001:00003530       ??_C@_1DA@LONNECBI@?$AA?9?$AAO?$AAA?$AAL?$AAF?$AAl?$AAa?$AAs?$AAh?$AAW?$AAr?$AAi?$AAt?$AAe?$AA?$CI?$AAr?$AAc?$AA?5?$AA?$DN?$AA?5?$AA?$CF?$AAd?$AA?$CJ?$AA?$AA@ 80004530     oal_flash:flash.obj
 0001:00003560       ??_C@_1IC@GHJADINJ@?$AAE?$AAR?$AAR?$AAO?$AAR?$AA?3?$AA?5?$AAF?$AAl?$AAa?$AAs?$AAh?$AA?5?$AAf?$AAa?$AAi?$AAl?$AAe?$AAd?$AA?5?$AAa?$AAt?$AA?5?$AA0?$AAx?$AA?$CF?$AA0?$AA8?$AAx?$AA?5?$AA?9?$AA?9@ 80004560     oal_flash:flash.obj
 0001:000035e4       ??_C@_1EM@LDCAJBDO@?$AAE?$AAR?$AAR?$AAO?$AAR?$AA?3?$AA?5?$AAF?$AAl?$AAa?$AAs?$AAh?$AA?5?$AAw?$AAr?$AAi?$AAt?$AAe?$AA?5?$AAa?$AAt?$AA?5?$AA0?$AAx?$AA?$CF?$AA0?$AA8?$AAx?$AA?5?$AAf?$AAa?$AAi@ 800045e4     oal_flash:flash.obj
 0001:00003630       ??_C@_1HC@JDIFMGOM@?$AAE?$AAR?$AAR?$AAO?$AAR?$AA?3?$AA?5?$AAO?$AAA?$AAL?$AAF?$AAl?$AAa?$AAs?$AAh?$AAW?$AAr?$AAi?$AAt?$AAe?$AA?5?$AA?9?$AA?5?$AAf?$AAa?$AAi?$AAl?$AAe?$AAd?$AA?5?$AAg?$AAe@ 80004630     oal_flash:flash.obj
 0001:000036a4       ??_C@_1GC@GHFGCNFL@?$AA?$CL?$AAO?$AAA?$AAL?$AAF?$AAl?$AAa?$AAs?$AAh?$AAW?$AAr?$AAi?$AAt?$AAe?$AA?$CI?$AA0?$AAx?$AA?$CF?$AA0?$AA8?$AAx?$AA?0?$AA?5?$AA0?$AAx?$AA?$CF?$AA0?$AA8?$AAx?$AA?0?$AA?5?$AA0@ 800046a4     oal_flash:flash.obj
 0001:00003798       ??_C@_0EB@BGCKLDE@?9OALKitlFindDevice?$CIpDevice?5?$DN?50x?$CF@ 80004798     oal_kitl_pci_boot:device.obj
 0001:000037dc       ??_C@_11LOCGONAA@?$AA?$AA@ 800047dc     oal_kitl_pci_boot:device.obj
 0001:000037e0       ??_C@_0CJ@GPDFFIKB@?$CLOALKitlFindDevice?$CI?$CFd?1?$CFd?1?$CF08x?0?50@ 800047e0     oal_kitl_pci_boot:device.obj
 0001:0000380c       ??_C@_0CJ@MPHJDLPH@?9OALKitlDeviceName?$CIname?5?$DN?50x?$CF08x@ 8000480c     oal_kitl_pci_boot:device.obj
 0001:00003838       ??_C@_1EA@MHLKLHLH@?$AA?$CF?$AAs?$AA?5?$AA?$EA?$AA?5?$AAi?$AAd?$AA?5?$AA?$CF?$AAd?$AA?5?$AAb?$AAu?$AAs?$AA?5?$AA?$CF?$AAd?$AA?5?$AAd?$AAe?$AAv?$AA?5?$AA?$CF?$AAd?$AA?5?$AAf?$AAn?$AAc?$AA?5?$AA?$CF?$AAd?$AA?$AA@ 80004838     oal_kitl_pci_boot:device.obj
 0001:00003878       ??_C@_0CJ@OKPKABKG@?$CLOALKitlDeviceName?$CI?$CFd?1?$CFd?1?$CF08x?0?50@ 80004878     oal_kitl_pci_boot:device.obj
 0001:000038a4       ??_C@_0CA@ECNOOFDD@?9OALKitlDeviceType?$CItype?5?$DN?5?$CFd?$CJ?$AN?6?$AA@ 800048a4     oal_kitl_pci_boot:device.obj
 0001:000038c4       ??_C@_0CJ@HOEFFCBD@?$CLOALKitlDeviceType?$CI?$CFd?1?$CFd?1?$CF08x?0?50@ 800048c4     oal_kitl_pci_boot:device.obj
 0001:00003980       ??_C@_0CG@IHIMJOIA@?9OALKitlCreateName?$CIpBuffer?5?$DN?5?8?$CFh@ 80004980     oal_kitl_pci_boot:name.obj
 0001:000039a8       ??_C@_0CM@BCMDHFLI@?$CLOALKitlCreateName?$CI?8?$CFhs?8?0?50x?$CF04x@ 800049a8     oal_kitl_pci_boot:name.obj
 0001:00003a64       ??_C@_1BI@FCMLLAGN@?$AA?$CF?$AAd?$AA?4?$AA?$CF?$AAd?$AA?4?$AA?$CF?$AAd?$AA?4?$AA?$CF?$AAd?$AA?$AA@ 80004a64     oal_kitl_pci_boot:format.obj
 0001:00003a7c       ??_C@_1DM@BKFFFBIH@?$AA?$CF?$AA0?$AA2?$AAx?$AA?3?$AA?$CF?$AA0?$AA2?$AAx?$AA?3?$AA?$CF?$AA0?$AA2?$AAx?$AA?3?$AA?$CF?$AA0?$AA2?$AAx?$AA?3?$AA?$CF?$AA0?$AA2?$AAx?$AA?3?$AA?$CF?$AA0?$AA2?$AAx?$AA?$AA@ 80004a7c     oal_kitl_pci_boot:format.obj
 0001:00003ab8       ??_C@_1EC@BJGONOOH@?$AA?9?$AAR?$AAT?$AAL?$AA8?$AA1?$AA3?$AA9?$AAI?$AAn?$AAi?$AAt?$AAD?$AAM?$AAA?$AAB?$AAu?$AAf?$AAf?$AAe?$AAr?$AA?$CI?$AAr?$AAc?$AA?5?$AA?$DN?$AA?5?$AA?$CF?$AAd?$AA?$CJ?$AA?$AN?$AA?6@ 80004ab8     oal_ethdrv_rtl8139:rtl8139.obj
 0001:00003afc       ??_C@_1GA@CMDEMLIC@?$AAE?$AAR?$AAR?$AAO?$AAR?$AA?3?$AA?5?$AAR?$AAT?$AAL?$AA8?$AA1?$AA3?$AA9?$AAI?$AAn?$AAi?$AAt?$AAD?$AAM?$AAA?$AAB?$AAu?$AAf?$AAf?$AAe?$AAr?$AA?3?$AA?5?$AAB?$AAu?$AAf@ 80004afc     oal_ethdrv_rtl8139:rtl8139.obj
 0001:00003b5c       ??_C@_1FA@FLCJJDFI@?$AA?$CL?$AAR?$AAT?$AAL?$AA8?$AA1?$AA3?$AA9?$AAI?$AAn?$AAi?$AAt?$AAD?$AAM?$AAA?$AAB?$AAu?$AAf?$AAf?$AAe?$AAr?$AA?$CI?$AA0?$AAx?$AA?$CF?$AA0?$AA8?$AAx?$AA?0?$AA?5?$AA0?$AAx@ 80004b5c     oal_ethdrv_rtl8139:rtl8139.obj
 0001:00003bac       ??_C@_1DA@OOAHMHIE@?$AA?9?$AAR?$AAT?$AAL?$AA8?$AA1?$AA3?$AA9?$AAI?$AAn?$AAi?$AAt?$AA?$CI?$AAr?$AAc?$AA?5?$AA?$DN?$AA?5?$AA?$CF?$AAd?$AA?$CJ?$AA?$AN?$AA?6?$AA?$AA@ 80004bac     oal_ethdrv_rtl8139:rtl8139.obj
 0001:00003bdc       ??_C@_1CC@FCPIDOII@?$AA?5?$AAL?$AAi?$AAn?$AAk?$AA?5?$AAd?$AAe?$AAt?$AAe?$AAc?$AAt?$AAe?$AAd?$AA?$AN?$AA?6?$AA?$AA@ 80004bdc     oal_ethdrv_rtl8139:rtl8139.obj
 0001:00003c00       ??_C@_1DE@LFOPKDIL@?$AA?5?$AAW?$AAa?$AAi?$AAt?$AA?5?$AAt?$AAi?$AAm?$AAo?$AAu?$AAt?$AAe?$AAd?$AA?0?$AA?5?$AAe?$AAx?$AAi?$AAt?$AAi?$AAn?$AAg?$AA?$AN?$AA?6?$AA?$AA@ 80004c00     oal_ethdrv_rtl8139:rtl8139.obj
 0001:00003c34       ??_C@_1DE@HMNGGEAC@?$AAR?$AAT?$AAL?$AA8?$AA1?$AA3?$AA9?$AA?3?$AA?5?$AAW?$AAa?$AAi?$AAt?$AA?5?$AAf?$AAo?$AAr?$AA?5?$AAl?$AAi?$AAn?$AAk?$AA?4?$AA?4?$AA?4?$AA?$AA@ 80004c34     oal_ethdrv_rtl8139:rtl8139.obj
 0001:00003c68       ??_C@_1EO@KKKDLKNL@?$AA?$CL?$AAR?$AAT?$AAL?$AA8?$AA1?$AA3?$AA9?$AAI?$AAn?$AAi?$AAt?$AA?$CI?$AA0?$AAx?$AA?$CF?$AA0?$AA8?$AAx?$AA?0?$AA?5?$AA0?$AAx?$AA?$CF?$AA0?$AA8?$AAx?$AA?0?$AA?5?$AA0?$AAx?$AA?$CF@ 80004c68     oal_ethdrv_rtl8139:rtl8139.obj
 0001:00003cb8       ??_C@_1DI@FILLIPNJ@?$AA?9?$AAR?$AAT?$AAL?$AA8?$AA1?$AA3?$AA9?$AAS?$AAe?$AAn?$AAd?$AAF?$AAr?$AAa?$AAm?$AAe?$AA?$CI?$AAr?$AAc?$AA?5?$AA?$DN?$AA?5?$AA0?$AA?$CJ?$AA?$AN?$AA?6?$AA?$AA@ 80004cb8     oal_ethdrv_rtl8139:rtl8139.obj
 0001:00003cf0       ??_C@_1FA@KMKHFMCO@?$AAE?$AAR?$AAR?$AAO?$AAR?$AA?3?$AA?5?$AAR?$AAT?$AAL?$AA8?$AA1?$AA3?$AA9?$AAS?$AAe?$AAn?$AAd?$AAF?$AAr?$AAa?$AAm?$AAe?$AA?3?$AA?5?$AAS?$AAe?$AAn?$AAd?$AA?5?$AAt?$AAi@ 80004cf0     oal_ethdrv_rtl8139:rtl8139.obj
 0001:00003d40       ??_C@_1EA@KFFKGBLI@?$AA?$CL?$AAR?$AAT?$AAL?$AA8?$AA1?$AA3?$AA9?$AAS?$AAe?$AAn?$AAd?$AAF?$AAr?$AAa?$AAm?$AAe?$AA?$CI?$AA0?$AAx?$AA?$CF?$AA0?$AA8?$AAx?$AA?0?$AA?5?$AA?$CF?$AAd?$AA?$CJ?$AA?$AN?$AA?6?$AA?$AA@ 80004d40     oal_ethdrv_rtl8139:rtl8139.obj
 0001:00003d80       ??_C@_1EA@DBJIJBID@?$AA?9?$AAR?$AAT?$AAL?$AA8?$AA1?$AA3?$AA9?$AAG?$AAe?$AAt?$AAF?$AAr?$AAa?$AAm?$AAe?$AA?$CI?$AAl?$AAe?$AAn?$AAg?$AAt?$AAh?$AA?5?$AA?$DN?$AA?5?$AA?$CF?$AAd?$AA?$CJ?$AA?$AN?$AA?6?$AA?$AA@ 80004d80     oal_ethdrv_rtl8139:rtl8139.obj
 0001:00003dc0       ??_C@_1DO@FPLEEJKI@?$AA?$CL?$AAR?$AAT?$AAL?$AA8?$AA1?$AA3?$AA9?$AAG?$AAe?$AAt?$AAF?$AAr?$AAa?$AAm?$AAe?$AA?$CI?$AA0?$AAx?$AA?$CF?$AA0?$AA8?$AAx?$AA?0?$AA?5?$AA?$CF?$AAd?$AA?$CJ?$AA?$AN?$AA?6?$AA?$AA@ 80004dc0     oal_ethdrv_rtl8139:rtl8139.obj
 0001:00003e00       ??_C@_1CK@GOECEGOM@?$AA?9?$AAR?$AAT?$AAL?$AA8?$AA1?$AA3?$AA9?$AAE?$AAn?$AAa?$AAb?$AAl?$AAe?$AAI?$AAn?$AAt?$AAs?$AA?$AN?$AA?6?$AA?$AA@ 80004e00     oal_ethdrv_rtl8139:rtl8139.obj
 0001:00003e2c       ??_C@_1CK@BODFFAAK@?$AA?$CL?$AAR?$AAT?$AAL?$AA8?$AA1?$AA3?$AA9?$AAE?$AAn?$AAa?$AAb?$AAl?$AAe?$AAI?$AAn?$AAt?$AAs?$AA?$AN?$AA?6?$AA?$AA@ 80004e2c     oal_ethdrv_rtl8139:rtl8139.obj
 0001:00003e58       ??_C@_1CM@BNPEMKPD@?$AA?9?$AAR?$AAT?$AAL?$AA8?$AA1?$AA3?$AA9?$AAD?$AAi?$AAs?$AAa?$AAb?$AAl?$AAe?$AAI?$AAn?$AAt?$AAs?$AA?$AN?$AA?6?$AA?$AA@ 80004e58     oal_ethdrv_rtl8139:rtl8139.obj
 0001:00003e84       ??_C@_1CM@OBAEFLLP@?$AA?$CL?$AAR?$AAT?$AAL?$AA8?$AA1?$AA3?$AA9?$AAD?$AAi?$AAs?$AAa?$AAb?$AAl?$AAe?$AAI?$AAn?$AAt?$AAs?$AA?$AN?$AA?6?$AA?$AA@ 80004e84     oal_ethdrv_rtl8139:rtl8139.obj
 0001:00003eb0       ??_C@_1DM@BFKGBADG@?$AA?9?$AAR?$AAT?$AAL?$AA8?$AA1?$AA3?$AA9?$AAC?$AAu?$AAr?$AAr?$AAe?$AAn?$AAt?$AAP?$AAa?$AAc?$AAk?$AAe?$AAt?$AAF?$AAi?$AAl?$AAt?$AAe?$AAr?$AA?$AN?$AA?6?$AA?$AA@ 80004eb0     oal_ethdrv_rtl8139:rtl8139.obj
 0001:00003eec       ??_C@_1EM@NOGKDJNC@?$AA?$CL?$AAR?$AAT?$AAL?$AA8?$AA1?$AA3?$AA9?$AAC?$AAu?$AAr?$AAr?$AAe?$AAn?$AAt?$AAP?$AAa?$AAc?$AAk?$AAe?$AAt?$AAF?$AAi?$AAl?$AAt?$AAe?$AAr?$AA?$CI?$AA0?$AAx?$AA?$CF?$AA0@ 80004eec     oal_ethdrv_rtl8139:rtl8139.obj
 0001:00003f38       ??_C@_1EA@ELJONDNB@?$AA?9?$AAR?$AAT?$AAL?$AA8?$AA1?$AA3?$AA9?$AAM?$AAu?$AAl?$AAt?$AAi?$AAc?$AAa?$AAs?$AAt?$AAL?$AAi?$AAs?$AAt?$AA?$CI?$AAr?$AAc?$AA?5?$AA?$DN?$AA?5?$AA1?$AA?$CJ?$AA?$AN?$AA?6?$AA?$AA@ 80004f38     oal_ethdrv_rtl8139:rtl8139.obj
 0001:00003f78       ??_C@_1EI@MLDMDCPO@?$AA?$CL?$AAR?$AAT?$AAL?$AA8?$AA1?$AA3?$AA9?$AAM?$AAu?$AAl?$AAt?$AAi?$AAc?$AAa?$AAs?$AAt?$AAL?$AAi?$AAs?$AAt?$AA?$CI?$AA0?$AAx?$AA?$CF?$AA0?$AA8?$AAx?$AA?0?$AA?5?$AA?$CF?$AAd@ 80004f78     oal_ethdrv_rtl8139:rtl8139.obj
 0001:00004050       ??_C@_1EE@IINMMICI@?$AA?9?$AAA?$AAM?$AA7?$AA9?$AAC?$AA9?$AA7?$AA3?$AAI?$AAn?$AAi?$AAt?$AAD?$AAM?$AAA?$AAB?$AAu?$AAf?$AAf?$AAe?$AAr?$AA?$CI?$AAr?$AAc?$AA?5?$AA?$DN?$AA?5?$AA?$CF?$AAd?$AA?$CJ?$AA?$AN@ 80005050     oal_ethdrv_am79c973:am79c973.obj
 0001:00004094       ??_C@_1GC@MMJNNGBB@?$AAE?$AAR?$AAR?$AAO?$AAR?$AA?3?$AA?5?$AAA?$AAM?$AA7?$AA9?$AAC?$AA9?$AA7?$AA3?$AAI?$AAn?$AAi?$AAt?$AAD?$AAM?$AAA?$AAB?$AAu?$AAf?$AAf?$AAe?$AAr?$AA?3?$AA?5?$AAB?$AAu@ 80005094     oal_ethdrv_am79c973:am79c973.obj
 0001:000040f8       ??_C@_1FC@MJNPLCHG@?$AA?$CL?$AAA?$AAM?$AA7?$AA9?$AAC?$AA9?$AA7?$AA3?$AAI?$AAn?$AAi?$AAt?$AAD?$AAM?$AAA?$AAB?$AAu?$AAf?$AAf?$AAe?$AAr?$AA?$CI?$AA0?$AAx?$AA?$CF?$AA0?$AA8?$AAx?$AA?0?$AA?5?$AA0@ 800050f8     oal_ethdrv_am79c973:am79c973.obj
 0001:0000414c       ??_C@_1DC@BMNNHAKF@?$AA?9?$AAA?$AAM?$AA7?$AA9?$AAC?$AA9?$AA7?$AA3?$AAI?$AAn?$AAi?$AAt?$AA?$CI?$AAr?$AAc?$AA?5?$AA?$DN?$AA?5?$AA?$CF?$AAd?$AA?$CJ?$AA?$AN?$AA?6?$AA?$AA@ 8000514c     oal_ethdrv_am79c973:am79c973.obj
 0001:00004180       ??_C@_1FA@LBLFNACI@?$AA?$CL?$AAA?$AAM?$AA7?$AA9?$AAC?$AA9?$AA7?$AA3?$AAI?$AAn?$AAi?$AAt?$AA?$CI?$AA0?$AAx?$AA?$CF?$AA0?$AA8?$AAx?$AA?0?$AA?5?$AA0?$AAx?$AA?$CF?$AA0?$AA8?$AAx?$AA?0?$AA?5?$AA0?$AAx@ 80005180     oal_ethdrv_am79c973:am79c973.obj
 0001:000041d0       ??_C@_1DG@OCDGALGD@?$AAA?$AAm?$AA7?$AA9?$AAc?$AA9?$AA7?$AA3?$AA?3?$AA?5?$AAW?$AAa?$AAi?$AAt?$AA?5?$AAf?$AAo?$AAr?$AA?5?$AAl?$AAi?$AAn?$AAk?$AA?4?$AA?4?$AA?4?$AA?$AA@ 800051d0     oal_ethdrv_am79c973:am79c973.obj
 0001:00004208       ??_C@_1DM@MBGHOHIF@?$AA?9?$AAR?$AAA?$AAM?$AA7?$AA9?$AAC?$AA9?$AA7?$AA3?$AAS?$AAe?$AAn?$AAd?$AAF?$AAr?$AAa?$AAm?$AAe?$AA?$CI?$AAr?$AAc?$AA?5?$AA?$DN?$AA?5?$AA0?$AA?$CJ?$AA?$AN?$AA?6?$AA?$AA@ 80005208     oal_ethdrv_am79c973:am79c973.obj
 0001:00004244       ??_C@_1FC@KFFOOLAP@?$AAE?$AAR?$AAR?$AAO?$AAR?$AA?3?$AA?5?$AAA?$AAM?$AA7?$AA9?$AAC?$AA9?$AA7?$AA3?$AAS?$AAe?$AAn?$AAd?$AAF?$AAr?$AAa?$AAm?$AAe?$AA?3?$AA?5?$AAS?$AAe?$AAn?$AAd?$AA?5?$AAt@ 80005244     oal_ethdrv_am79c973:am79c973.obj
 0001:00004298       ??_C@_1EC@PCPJMOOH@?$AA?$CL?$AAA?$AAM?$AA7?$AA9?$AAC?$AA9?$AA7?$AA3?$AAS?$AAe?$AAn?$AAd?$AAF?$AAr?$AAa?$AAm?$AAe?$AA?$CI?$AA0?$AAx?$AA?$CF?$AA0?$AA8?$AAx?$AA?0?$AA?5?$AA?$CF?$AAd?$AA?$CJ?$AA?$AN?$AA?6@ 80005298     oal_ethdrv_am79c973:am79c973.obj
 0001:000042dc       ??_C@_1EC@JNGDDHCD@?$AA?9?$AAA?$AAM?$AA7?$AA9?$AAC?$AA9?$AA7?$AA3?$AAG?$AAe?$AAt?$AAF?$AAr?$AAa?$AAm?$AAe?$AA?$CI?$AAl?$AAe?$AAn?$AAg?$AAt?$AAh?$AA?5?$AA?$DN?$AA?5?$AA?$CF?$AAd?$AA?$CJ?$AA?$AN?$AA?6@ 800052dc     oal_ethdrv_am79c973:am79c973.obj
 0001:00004320       ??_C@_1DK@DJBOIHGF@?$AAA?$AAM?$AA7?$AA9?$AAC?$AA9?$AA7?$AA3?$AAG?$AAe?$AAt?$AAF?$AAr?$AAa?$AAm?$AAe?$AA?5?$AA?9?$AA?5?$AA?$CF?$AAX?$AA?1?$AA?$CF?$AAX?$AA?5?$AA?$CF?$AAd?$AA?6?$AA?$AA@ 80005320     oal_ethdrv_am79c973:am79c973.obj
 0001:0000435c       ??_C@_1EA@CEHNLBBI@?$AA?$CL?$AAA?$AAM?$AA7?$AA9?$AAC?$AA9?$AA7?$AA3?$AAG?$AAe?$AAt?$AAF?$AAr?$AAa?$AAm?$AAe?$AA?$CI?$AA0?$AAx?$AA?$CF?$AA0?$AA8?$AAx?$AA?0?$AA?5?$AA?$CF?$AAd?$AA?$CJ?$AA?$AN?$AA?6?$AA?$AA@ 8000535c     oal_ethdrv_am79c973:am79c973.obj
 0001:0000439c       ??_C@_1CM@OMHGDEHD@?$AA?9?$AAA?$AAM?$AA7?$AA9?$AAC?$AA9?$AA7?$AA3?$AAE?$AAn?$AAa?$AAb?$AAl?$AAe?$AAI?$AAn?$AAt?$AAs?$AA?$AN?$AA?6?$AA?$AA@ 8000539c     oal_ethdrv_am79c973:am79c973.obj
 0001:000043c8       ??_C@_1CM@BAIGKFDP@?$AA?$CL?$AAA?$AAM?$AA7?$AA9?$AAC?$AA9?$AA7?$AA3?$AAE?$AAn?$AAa?$AAb?$AAl?$AAe?$AAI?$AAn?$AAt?$AAs?$AA?$AN?$AA?6?$AA?$AA@ 800053c8     oal_ethdrv_am79c973:am79c973.obj
 0001:000043f4       ??_C@_1CO@FFCGMOAC@?$AA?9?$AAA?$AAM?$AA7?$AA9?$AAC?$AA9?$AA7?$AA3?$AAD?$AAi?$AAs?$AAa?$AAb?$AAl?$AAe?$AAI?$AAn?$AAt?$AAs?$AA?$AN?$AA?6?$AA?$AA@ 800053f4     oal_ethdrv_am79c973:am79c973.obj
 0001:00004424       ??_C@_1CO@IOOCJBCJ@?$AA?$CL?$AAA?$AAM?$AA7?$AA9?$AAC?$AA9?$AA7?$AA3?$AAD?$AAi?$AAs?$AAa?$AAb?$AAl?$AAe?$AAI?$AAn?$AAt?$AAs?$AA?$AN?$AA?6?$AA?$AA@ 80005424     oal_ethdrv_am79c973:am79c973.obj
 0001:00004454       ??_C@_1DO@BALBBIDN@?$AA?9?$AAA?$AAM?$AA7?$AA9?$AAC?$AA9?$AA7?$AA3?$AAC?$AAu?$AAr?$AAr?$AAe?$AAn?$AAt?$AAP?$AAa?$AAc?$AAk?$AAe?$AAt?$AAF?$AAi?$AAl?$AAt?$AAe?$AAr?$AA?$AN?$AA?6?$AA?$AA@ 80005454     oal_ethdrv_am79c973:am79c973.obj
 0001:00004494       ??_C@_1EO@KGFMCPEM@?$AA?$CL?$AAA?$AAM?$AA7?$AA9?$AAC?$AA9?$AA7?$AA3?$AAC?$AAu?$AAr?$AAr?$AAe?$AAn?$AAt?$AAP?$AAa?$AAc?$AAk?$AAe?$AAt?$AAF?$AAi?$AAl?$AAt?$AAe?$AAr?$AA?$CI?$AA0?$AAx?$AA?$CF@ 80005494     oal_ethdrv_am79c973:am79c973.obj
 0001:000044e4       ??_C@_1EC@OHGFHFHB@?$AA?9?$AAA?$AAM?$AA7?$AA9?$AAC?$AA9?$AA7?$AA3?$AAM?$AAu?$AAl?$AAt?$AAi?$AAc?$AAa?$AAs?$AAt?$AAL?$AAi?$AAs?$AAt?$AA?$CI?$AAr?$AAc?$AA?5?$AA?$DN?$AA?5?$AA1?$AA?$CJ?$AA?$AN?$AA?6@ 800054e4     oal_ethdrv_am79c973:am79c973.obj
 0001:00004528       ??_C@_1EK@ODGCAAII@?$AA?$CL?$AAA?$AAM?$AA7?$AA9?$AAC?$AA9?$AA7?$AA3?$AAM?$AAu?$AAl?$AAt?$AAi?$AAc?$AAa?$AAs?$AAt?$AAL?$AAi?$AAs?$AAt?$AA?$CI?$AA0?$AAx?$AA?$CF?$AA0?$AA8?$AAx?$AA?0?$AA?5?$AA?$CF@ 80005528     oal_ethdrv_am79c973:am79c973.obj
 0001:00004604       ??_C@_1FM@KKEGFMMC@?$AAH?$AAi?$AAt?$AA?5?$AAs?$AAp?$AAa?$AAc?$AAe?$AA?5?$AAt?$AAo?$AA?5?$AAe?$AAn?$AAt?$AAe?$AAr?$AA?5?$AAc?$AAo?$AAn?$AAf?$AAi?$AAg?$AAu?$AAr?$AAa?$AAt?$AAi?$AAo?$AAn@ 80005604     oal_blmenu_pci:menu.obj
 0001:00004660       ??_C@_17HBLJBP@?$AA?$AN?$AA?6?$AA?5?$AA?$AA@ 80005660     oal_blmenu_pci:menu.obj
 0001:00004668       ??_C@_13IMODFHAA@?$AA?9?$AA?$AA@ 80005668     oal_blmenu_pci:menu.obj
 0001:0000466c       ??_C@_1BO@MKGCCJBG@?$AA?$AN?$AA?6?$AA?5?$AAS?$AAe?$AAl?$AAe?$AAc?$AAt?$AAi?$AAo?$AAn?$AA?3?$AA?5?$AA?$AA@ 8000566c     oal_blmenu_pci:menu.obj
 0001:0000468c       ??_C@_1BG@EBHIGBFG@?$AA?5?$AA?$FL?$AA?$CF?$AAc?$AA?$FN?$AA?5?$AA?$CF?$AAs?$AA?$AN?$AA?6?$AA?$AA@ 8000568c     oal_blmenu_pci:menu.obj
 0001:000046a4       ??_C@_15GANGMFKL@?$AA?$CF?$AAs?$AA?$AA@ 800056a4     oal_blmenu_pci:menu.obj
 0001:000046ac       ??_C@_1BO@ENGAEJMG@?$AA?5?$AA?$CF?$AAs?$AA?5?$AAs?$AAt?$AAa?$AAy?$AAs?$AA?5?$AA?$CF?$AAs?$AA?$AN?$AA?6?$AA?$AA@ 800056ac     oal_blmenu_pci:menu.obj
 0001:000046cc       ??_C@_1BC@HOHDMONC@?$AA?5?$AA?$CF?$AAs?$AA?5?$AA?$CF?$AAs?$AA?$AN?$AA?6?$AA?$AA@ 800056cc     oal_blmenu_pci:menu.obj
 0001:000046e0       ??_C@_1DK@PCLKELEH@?$AA?5?$AA?$CF?$AAs?$AA?5?$AA?$CF?$AAs?$AA?5?$AA?$CI?$AAa?$AAc?$AAt?$AAu?$AAa?$AAl?$AAl?$AAy?$AA?5?$AA?$CF?$AAs?$AA?$CJ?$AA?5?$AA?$FL?$AAy?$AA?1?$AA?9?$AA?$FN?$AA?3?$AA?5?$AA?$AA@ 800056e0     oal_blmenu_pci:menu.obj
 0001:0000471c       ??_C@_1O@PFBIKACK@?$AAE?$AAn?$AAa?$AAb?$AAl?$AAe?$AA?$AA@ 8000571c     oal_blmenu_pci:menu.obj
 0001:0000472c       ??_C@_1BA@EHHBCNCC@?$AAD?$AAi?$AAs?$AAa?$AAb?$AAl?$AAe?$AA?$AA@ 8000572c     oal_blmenu_pci:menu.obj
 0001:0000473c       ??_C@_1FI@GPDBNHB@?$AAE?$AAR?$AAR?$AAO?$AAR?$AA?3?$AA?5?$AAO?$AAA?$AAL?$AAB?$AAL?$AAM?$AAe?$AAn?$AAu?$AAE?$AAn?$AAa?$AAb?$AAl?$AAe?$AA?3?$AA?5?$AAI?$AAn?$AAv?$AAa?$AAl?$AAi?$AAd?$AA?5@ 8000573c     oal_blmenu_pci:menu.obj
 0001:00004794       ??_C@_1DI@EBJOBKJO@?$AA?5?$AA?$CF?$AAs?$AA?5?$AAM?$AAA?$AAC?$AA?5?$AAa?$AAd?$AAd?$AAr?$AAe?$AAs?$AAs?$AA?5?$AAs?$AAe?$AAt?$AA?5?$AAt?$AAo?$AA?5?$AA?$CF?$AAs?$AA?$AN?$AA?6?$AA?$AA@ 80005794     oal_blmenu_pci:menu.obj
 0001:000047cc       ??_C@_1EA@HMINENJO@?$AA?5?$AA?8?$AA?$CF?$AAs?$AA?8?$AA?5?$AAi?$AAs?$AAn?$AA?8?$AAt?$AA?5?$AAv?$AAa?$AAl?$AAi?$AAd?$AA?5?$AAM?$AAA?$AAC?$AA?5?$AAa?$AAd?$AAd?$AAr?$AAe?$AAs?$AAs?$AA?$AN?$AA?6?$AA?$AA@ 800057cc     oal_blmenu_pci:menu.obj
 0001:0000480c       ??_C@_1EI@KGHANMNL@?$AA?5?$AAE?$AAn?$AAt?$AAe?$AAr?$AA?5?$AA?$CF?$AAs?$AA?5?$AAM?$AAA?$AAC?$AA?5?$AAa?$AAd?$AAd?$AAr?$AAe?$AAs?$AAs?$AA?5?$AA?$CI?$AAa?$AAc?$AAt?$AAu?$AAa?$AAl?$AA?5?$AA?$CF?$AAs@ 8000580c     oal_blmenu_pci:menu.obj
 0001:00004854       ??_C@_1GG@KAOMNNAE@?$AAE?$AAR?$AAR?$AAO?$AAR?$AA?3?$AA?5?$AAO?$AAA?$AAL?$AAB?$AAL?$AAM?$AAe?$AAn?$AAu?$AAS?$AAe?$AAt?$AAM?$AAa?$AAc?$AAA?$AAd?$AAd?$AAr?$AAe?$AAs?$AAs?$AA?3?$AA?5?$AAI@ 80005854     oal_blmenu_pci:menu.obj
 0001:000048bc       ??_C@_1DG@PKEFPJGM@?$AA?5?$AA?$CF?$AAs?$AA?5?$AAI?$AAP?$AA?5?$AAa?$AAd?$AAd?$AAr?$AAe?$AAs?$AAs?$AA?5?$AAs?$AAe?$AAt?$AA?5?$AAt?$AAo?$AA?5?$AA?$CF?$AAs?$AA?$AN?$AA?6?$AA?$AA@ 800058bc     oal_blmenu_pci:menu.obj
 0001:000048f4       ??_C@_1DO@PNGPKAIC@?$AA?5?$AA?8?$AA?$CF?$AAs?$AA?8?$AA?5?$AAi?$AAs?$AAn?$AA?8?$AAt?$AA?5?$AAv?$AAa?$AAl?$AAi?$AAd?$AA?5?$AAI?$AAP?$AA?5?$AAa?$AAd?$AAd?$AAr?$AAe?$AAs?$AAs?$AA?$AN?$AA?6?$AA?$AA@ 800058f4     oal_blmenu_pci:menu.obj
 0001:00004934       ??_C@_1EG@NJNHINMH@?$AA?5?$AAE?$AAn?$AAt?$AAe?$AAr?$AA?5?$AA?$CF?$AAs?$AA?5?$AAI?$AAP?$AA?5?$AAa?$AAd?$AAd?$AAr?$AAe?$AAs?$AAs?$AA?5?$AA?$CI?$AAa?$AAc?$AAt?$AAu?$AAa?$AAl?$AA?5?$AA?$CF?$AAs?$AA?$CJ@ 80005934     oal_blmenu_pci:menu.obj
 0001:0000497c       ??_C@_1GG@LBBLODG@?$AAE?$AAR?$AAR?$AAO?$AAR?$AA?3?$AA?5?$AAO?$AAA?$AAL?$AAB?$AAL?$AAM?$AAe?$AAn?$AAu?$AAS?$AAe?$AAt?$AAI?$AAp?$AAA?$AAd?$AAd?$AAr?$AAe?$AAs?$AAs?$AA?3?$AA?5?$AAI?$AAn@ 8000597c     oal_blmenu_pci:menu.obj
 0001:000049e4       ??_C@_1DA@MPGAFAD@?$AA?5?$AA?$CF?$AAs?$AA?5?$AAI?$AAP?$AA?5?$AAm?$AAa?$AAs?$AAk?$AA?5?$AAs?$AAe?$AAt?$AA?5?$AAt?$AAo?$AA?5?$AA?$CF?$AAs?$AA?$AN?$AA?6?$AA?$AA@ 800059e4     oal_blmenu_pci:menu.obj
 0001:00004a14       ??_C@_1DI@NFENBBKL@?$AA?5?$AA?8?$AA?$CF?$AAs?$AA?8?$AA?5?$AAi?$AAs?$AAn?$AA?8?$AAt?$AA?5?$AAv?$AAa?$AAl?$AAi?$AAd?$AA?5?$AAI?$AAP?$AA?5?$AAm?$AAa?$AAs?$AAk?$AA?$AN?$AA?6?$AA?$AA@ 80005a14     oal_blmenu_pci:menu.obj
 0001:00004a4c       ??_C@_1EA@LJMJMOFH@?$AA?5?$AAE?$AAn?$AAt?$AAe?$AAr?$AA?5?$AA?$CF?$AAs?$AA?5?$AAI?$AAP?$AA?5?$AAm?$AAa?$AAs?$AAk?$AA?5?$AA?$CI?$AAa?$AAc?$AAt?$AAu?$AAa?$AAl?$AA?5?$AA?$CF?$AAs?$AA?$CJ?$AA?3?$AA?5?$AA?$AA@ 80005a4c     oal_blmenu_pci:menu.obj
 0001:00004a8c       ??_C@_1GA@BNPDEIDO@?$AAE?$AAR?$AAR?$AAO?$AAR?$AA?3?$AA?5?$AAO?$AAA?$AAL?$AAB?$AAL?$AAM?$AAe?$AAn?$AAu?$AAS?$AAe?$AAt?$AAI?$AAp?$AAM?$AAa?$AAs?$AAk?$AA?3?$AA?5?$AAI?$AAn?$AAv?$AAa?$AAl@ 80005a8c     oal_blmenu_pci:menu.obj
 0001:00004aec       ??_C@_1DC@OGIHKHPF@?$AA?5?$AAD?$AAe?$AAv?$AAi?$AAc?$AAe?$AA?5?$AAI?$AAd?$AA?5?$AAs?$AAe?$AAt?$AA?5?$AAt?$AAo?$AA?5?$AA?8?$AA?$CF?$AAS?$AA?8?$AA?$AN?$AA?6?$AA?$AA@ 80005aec     oal_blmenu_pci:menu.obj
 0001:00004b20       ??_C@_1FG@JMGBGFEJ@?$AA?5?$AAE?$AAn?$AAt?$AAe?$AAr?$AA?5?$AAD?$AAe?$AAv?$AAi?$AAc?$AAe?$AA?5?$AAI?$AAd?$AA?5?$AA?$CI?$AA?$CK?$AA?5?$AA?$DN?$AA?5?$AAa?$AAu?$AAt?$AAo?$AA?0?$AA?5?$AAa?$AAc?$AAt?$AAu@ 80005b20     oal_blmenu_pci:menu.obj
 0001:00004b78       ??_C@_1CO@MNGNNHKJ@?$AA?5?$AA?$CF?$AAs?$AA?5?$AAd?$AAe?$AAv?$AAi?$AAc?$AAe?$AA?5?$AAs?$AAe?$AAt?$AA?5?$AAt?$AAo?$AA?5?$AA?$CF?$AAs?$AA?$AN?$AA?6?$AA?$AA@ 80005b78     oal_blmenu_pci:menu.obj
 0001:00004ba8       ??_C@_1DG@FKDJCDHM@?$AA?$AN?$AA?6?$AA?5?$AAS?$AAe?$AAl?$AAe?$AAc?$AAt?$AAi?$AAo?$AAn?$AA?5?$AA?$CI?$AAa?$AAc?$AAt?$AAu?$AAa?$AAl?$AA?5?$AA?$CF?$AAs?$AA?$CJ?$AA?3?$AA?5?$AA?$AA@ 80005ba8     oal_blmenu_pci:menu.obj
 0001:00004be0       ??_C@_1DC@KGICMHCL@?$AA?5?$AA?$FL?$AA0?$AA?$FN?$AA?5?$AAE?$AAx?$AAi?$AAt?$AA?5?$AAa?$AAn?$AAd?$AA?5?$AAC?$AAo?$AAn?$AAt?$AAi?$AAn?$AAu?$AAe?$AA?$AN?$AA?6?$AA?$AA@ 80005be0     oal_blmenu_pci:menu.obj
 0001:00004c14       ??_C@_1BG@LMIBJJCD@?$AA?5?$AA?$FL?$AA?$CF?$AAd?$AA?$FN?$AA?5?$AA?$CF?$AAs?$AA?$AN?$AA?6?$AA?$AA@ 80005c14     oal_blmenu_pci:menu.obj
 0001:00004c2c       ??_C@_1CC@GHCHDPIM@?$AAS?$AAe?$AAl?$AAe?$AAc?$AAt?$AA?5?$AA?$CF?$AAs?$AA?5?$AAD?$AAe?$AAv?$AAi?$AAc?$AAe?$AA?$AA@ 80005c2c     oal_blmenu_pci:menu.obj
 0001:00004c50       ??_C@_1GG@GCPJEPA@?$AAE?$AAR?$AAR?$AAO?$AAR?$AA?3?$AA?5?$AAO?$AAA?$AAL?$AAB?$AAL?$AAM?$AAe?$AAn?$AAu?$AAS?$AAe?$AAl?$AAe?$AAc?$AAt?$AAD?$AAe?$AAv?$AAi?$AAc?$AAe?$AA?3?$AA?5?$AAI?$AAn@ 80005c50     oal_blmenu_pci:menu.obj
 0001:00004cb8       ??_C@_15DAMPJCDE@?$AA?$CF?$AAc?$AA?$AA@ 80005cb8     oal_blmenu_pci:menu.obj
 0001:00004cc0       ??_C@_17ILCABGPK@?$AA?$AI?$AA?5?$AA?$AI?$AA?$AA@ 80005cc0     oal_blmenu_pci:menu.obj
 0001:00004de8       ??_C@_1O@INIEDEDF@?$AA?$CI?$AAN?$AAU?$AAL?$AAL?$AA?$CJ?$AA?$AA@ 80005de8     oal_blnk:format.obj
 0001:00004df8       ??_C@_06LHGEHABH@?$CINULL?$CJ?$AA@ 80005df8     oal_blnk:format.obj
 0001:00004e90       pTOC                       80005e90     oal_blcommon:blcommon.obj
 0001:00004e94       NKSignon                   80005e94     oal_blcommon:blcommon.obj
 0001:00004ef0       ??_C@_0BI@OCFAEGPK@ROMHDR?5at?5Address?5?$CFXh?$AN?6?$AA@ 80005ef0     oal_blcommon:blcommon.obj
 0001:00004f08       ??_C@_0CL@NOFKHKJC@System?5ready?$CB?$AN?6Preparing?5for?5dow@ 80005f08     oal_blcommon:blcommon.obj
 0001:00004f34       ??_C@_0FO@KDFAPMNM@?$CK?$CK?5Please?5update?5your?5Platform?5B@ 80005f34     oal_blcommon:blcommon.obj
 0001:00004f94       ??_C@_0GI@NIAHKKOO@?$CK?$CK?5ERROR?3?5The?5X000FF?5packet?5is?5a@ 80005f94     oal_blcommon:blcommon.obj
 0001:00004ffc       ??_C@_0EC@MIGFFFAC@?$CK?$CK?5ERROR?3?5This?5boot?5loader?5does?5@ 80005ffc     oal_blcommon:blcommon.obj
 0001:00005040       ??_C@_04IPBEALME@?$CK?$CK?$AN?6?$AA@ 80006040     oal_blcommon:blcommon.obj
 0001:00005048       ??_C@_0EC@NABDPCJO@?$CK?$CK?5ERROR?3?5This?5boot?5loader?5does?5@ 80006048     oal_blcommon:blcommon.obj
 0001:0000508c       ??_C@_06BEBGGBAB@?$AN?6?$CK?$CK?$AN?6?$AA@ 8000608c     oal_blcommon:blcommon.obj
 0001:00005094       ??_C@_0BM@DKIOIAMD@?$AN?6BL_IMAGE_TYPE_UNKNOWN?$AN?6?$AN?6?$AA@ 80006094     oal_blcommon:blcommon.obj
 0001:000050b0       ??_C@_0BP@KNNCEABF@?$AN?6BL_IMAGE_TYPE_SIGNED_NB0?$AN?6?$AN?6?$AA@ 800060b0     oal_blcommon:blcommon.obj
 0001:000050d0       ??_C@_07LAGBNAEN@R000FF?6?$AA@ 800060d0     oal_blcommon:blcommon.obj
 0001:000050d8       ??_C@_0BP@MJFCGNBB@?$AN?6BL_IMAGE_TYPE_SIGNED_BIN?$AN?6?$AN?6?$AA@ 800060d8     oal_blcommon:blcommon.obj
 0001:000050f8       ??_C@_07HMMLNAND@S000FF?6?$AA@ 800060f8     oal_blcommon:blcommon.obj
 0001:00005100       ??_C@_0BI@HBMHAEFD@?$AN?6BL_IMAGE_TYPE_BIN?$AN?6?$AN?6?$AA@ 80006100     oal_blcommon:blcommon.obj
 0001:00005118       ??_C@_07MMNKOBGG@B000FF?6?$AA@ 80006118     oal_blcommon:blcommon.obj
 0001:00005120       ??_C@_0BN@IHLEHBEK@?$AN?6BL_IMAGE_TYPE_MULTIXIP?$AN?6?$AN?6?$AA@ 80006120     oal_blcommon:blcommon.obj
 0001:00005140       ??_C@_07CBKBMMIF@X000FF?6?$AA@ 80006140     oal_blcommon:blcommon.obj
 0001:00005148       ??_C@_0BN@GCKOHOON@?$AN?6BL_IMAGE_TYPE_MANIFEST?$AN?6?$AN?6?$AA@ 80006148     oal_blcommon:blcommon.obj
 0001:00005168       ??_C@_07JLHFPECJ@N000FF?6?$AA@ 80006168     oal_blcommon:blcommon.obj
 0001:00005170       ??_C@_0CL@OKMIEAHJ@?$AN?6ERROR?3?5Unable?5to?5read?5image?5si@ 80006170     oal_blcommon:blcommon.obj
 0001:0000519c       ??_C@_0EC@LAKEOKID@?$AN?6ERROR?3?5Download?5manifest?5packe@ 8000619c     oal_blcommon:blcommon.obj
 0001:000051e0       ??_C@_0DJ@PIPLIHFI@?$AN?6ERROR?3?5Unable?5to?5read?5download@ 800061e0     oal_blcommon:blcommon.obj
 0001:0000521c       ??_C@_0DG@DBBGHEAG@?$AN?6ERROR?3?5Unable?5to?5read?5download@ 8000621c     oal_blcommon:blcommon.obj
 0001:00005254       ??_C@_0DJ@LFHEGALA@ERROR?3?5Checksum?5failure?5?$CIexpecte@ 80006254     oal_blcommon:blcommon.obj
 0001:00005290       ??_C@_0DL@DCHMDHHD@ImageStart?5?$DN?50x?$CFx?0?5ImageLength?5?$DN@ 80006290     oal_blcommon:blcommon.obj
 0001:000052cc       ??_C@_0BD@PHLGNLDI@rom_offset?$DN0x?$CFx?4?$AN?6?$AA@ 800062cc     oal_blcommon:blcommon.obj
 0001:000052e0       ??_C@_0DI@FDIIHFBA@?$CK?$CK?$CK?$CK?$CK?$CK?5Checksum?5failure?5on?5recor@ 800062e0     oal_blcommon:blcommon.obj
 0001:00005318       ??_C@_0DD@KHJBCIED@?$CK?$CK?$CK?$CK?$CK?$CK?5Data?5record?5?$CFd?5corrupted?0@ 80006318     oal_blcommon:blcommon.obj
 0001:0000534c       ??_C@_0DG@MINKPHJL@?5?$DM?$DO?5Record?5?$FL?5?$CFd?5?$FN?5dwRecAddr?5?$DN?50x@ 8000634c     oal_blcommon:blcommon.obj
 0001:00005384       ??_C@_0BP@EOFEMPOO@Invalid?5flash?5address?1length?$AN?6?$AA@ 80006384     oal_blcommon:blcommon.obj
 0001:000053a4       ??_C@_0CC@DNECAMLM@?$CBOEMVERIFYMEMORY?3?5Invalid?5image?$AN@ 800063a4     oal_blcommon:blcommon.obj
 0001:000053c8       ??_C@_0CE@NKAMCDHO@Unable?5to?5read?5image?5start?1lengt@ 800063c8     oal_blcommon:blcommon.obj
 0001:000053ec       ??_C@_0CO@PFLGIDFG@ERROR?3?5failed?5when?5reading?5raw?5b@ 800063ec     oal_blcommon:blcommon.obj
 0001:0000541c       ??_C@_0DH@GJCJAHAP@?$FL?$CFd?$FN?3?5Address?$DN0x?$CFx?5?5Length?$DN0x?$CFx?5@ 8000641c     oal_blcommon:blcommon.obj
 0001:00005454       ??_C@_03ILDADBHF@RAM?$AA@  80006454     oal_blcommon:blcommon.obj
 0001:00005458       ??_C@_05HPMNGINJ@FLASH?$AA@ 80006458     oal_blcommon:blcommon.obj
 0001:00005460       ??_C@_0FC@PGPOMBFM@?9?9?9?9?9?9?9?9?9?9?9?9?9?9?9?9?9?9?9?9?9?9?9?9?9?9?9?9?9?9?9?9@ 80006460     oal_blcommon:blcommon.obj
 0001:000054b4       ??_C@_0BH@FIOKDOBJ@?$AN?6Completed?5file?$CIs?$CJ?3?$AN?6?$AA@ 800064b4     oal_blcommon:blcommon.obj
 0001:000054cc       ??_C@_0BP@GDIKDNGH@Checksum?5?$DN?50x?$CFx?5?$CI0x?$CFx?5bytes?$CJ?$AN?6?$AA@ 800064cc     oal_blcommon:blcommon.obj
 0001:000054ec       ??_C@_0DF@LEIPBNDI@Computing?5checksum?3?5image?5start?5@ 800064ec     oal_blcommon:blcommon.obj
 0001:00005524       ??_C@_06OLEINIPO@nk?4exe?$AA@ 80006524     oal_blcommon:blcommon.obj
 0001:0000552c       ??_C@_0M@CDHNGIPM@?$CFu?4?$CFu?4?$CFu?4?$CFu?$AA@ 8000652c     oal_blcommon:format.obj
 0001:000055c8       ??_C@_0BN@HCIGGCJK@Server?5Registration?5Failed?$AN?6?$AA@ 800065c8     eboot:ebsimp.obj
 0001:000055e8       ??_C@_0CF@NJGKJDPK@EthDown?3?3Illegal?5Operation?5Code?5@ 800065e8     eboot:ebsimp.obj
 0001:00005610       ??_C@_0BK@BFELHAIB@EthDown?3?3TFTPD_OPEN?3?3?$CFs?$AN?6?$AA@ 80006610     eboot:ebsimp.obj
 0001:0000562c       ??_C@_0CC@OIEKENJI@EbootSimpleTFTP?5not?5initialized?$AN@ 8000662c     eboot:ebsimp.obj
 0001:00005650       ??_C@_0BM@GELEBJHM@EbootGratuitousARP?5failed?$AN?6?$AA@ 80006650     eboot:ebsimp.obj
 0001:0000566c       ??_C@_0DG@LCJHGIIG@Some?5other?5station?5has?5IP?5Addres@ 8000666c     eboot:ebsimp.obj
 0001:000056a4       ??_C@_0DG@KEGBCNMH@Some?5other?5station?5has?5IP?5Addres@ 800066a4     eboot:ebsimp.obj
 0001:000056dc       ??_C@_0DK@ECECEHHP@No?5ARP?5response?5in?5?$CFd?5seconds?0?5a@ 800066dc     eboot:ebsimp.obj
 0001:00005718       ??_C@_0DA@PMFFKPM@Got?5Response?5from?5DHCP?5server?0?5I@ 80006718     eboot:ebsimp.obj
 0001:00005748       ??_C@_0CO@EJPPGFNA@DHCP?5server?5is?5not?5responding?5?$CB?$CB@ 80006748     eboot:ebsimp.obj
 0001:00005778       ??_C@_0BL@PFCEMBID@Error?5On?5InitDHCP?$CI?$CJ?5Call?$AN?6?$AA@ 80006778     eboot:ebsimp.obj
 0001:00005794       ??_C@_0CB@PCBFMPDH@?9EbootSendBootmeAndWaitForTftp?$AN?6@ 80006794     eboot:ebsimp.obj
 0001:000057b8       ??_C@_0CB@EEDKKNBN@?$CLEbootSendBootmeAndWaitForTftp?$AN?6@ 800067b8     eboot:ebsimp.obj
 0001:000057dc       ??_C@_08NMEDJLNE@boot?4bin?$AA@ 800067dc     eboot:ebsimp.obj
 0001:00005878       ??_C@_0CH@NEPGMPPP@Server?5Process?5Has?5UnRegistered?5@ 80006878     eboot:tftpd.obj
 0001:000058a0       ??_C@_0CM@OBFBLHOG@There?5were?5no?5options?5detected?5i@ 800068a0     eboot:tftpd.obj
 0001:000058cc       ??_C@_0FJ@NDFKPFHG@Illegal?5TFTP?5Option?5?9?5An?5option?5@ 800068cc     eboot:tftpd.obj
 0001:00005928       ??_C@_05DMMIBICK@?5?$CFd?4?6?$AA@ 80006928     eboot:tftpd.obj
 0001:00005930       ??_C@_0DL@CJPGPHL@with?5a?5value?5that?5is?5in?5range?4?6B@ 80006930     eboot:tftpd.obj
 0001:0000596c       ??_C@_0DO@FNNPCMEI@with?5a?5value?5that?5is?5out?5of?5rang@ 8000696c     eboot:tftpd.obj
 0001:000059ac       ??_C@_0BK@PFHMOFCD@The?5option?8s?5value?5is?5?$CFs?6?$AA@ 800069ac     eboot:tftpd.obj
 0001:000059c8       ??_C@_07JPIGAOKK@blksize?$AA@ 800069c8     eboot:tftpd.obj
 0001:000059d0       ??_C@_0CB@FLKGPIDN@The?5packet?8s?5option?5name?5is?5?$CFs?4?6@ 800069d0     eboot:tftpd.obj
 0001:000059f4       ??_C@_0EC@OALIGNGC@We?5currently?5only?5look?5at?5the?5fi@ 800069f4     eboot:tftpd.obj
 0001:00005a38       ??_C@_0CH@HOPLKCLP@This?5TFTP?5packet?5contains?5?$CFd?5opt@ 80006a38     eboot:tftpd.obj
 0001:00005a60       ??_C@_0CG@JBBJIFDI@You?5must?5access?5files?5in?5binary?5@ 80006a60     eboot:tftpd.obj
 0001:00005a88       ??_C@_05IIBPGMLM@octet?$AA@ 80006a88     eboot:tftpd.obj
 0001:00005a90       ??_C@_0DB@LKOCKFPL@Illegal?5TFTP?5Operation?5?9?5Read?1Wr@ 80006a90     eboot:tftpd.obj
 0001:00005ac4       ??_C@_0CL@HCAEOMAE@Default?5TFTP?5block?5size?5set?5to?3?5@ 80006ac4     eboot:tftpd.obj
 0001:00005af0       ??_C@_0BF@MOPBEBEN@Dest?5IP?5?$CFs?5Port?5?$CFH?$AN?6?$AA@ 80006af0     eboot:tftpd.obj
 0001:00005b08       ??_C@_0BF@JDGNCBEC@Src?5IP?5?$CFs?5Port?5?$CFH?5?5?5?$AA@ 80006b08     eboot:tftpd.obj
 0001:00005b20       ??_C@_0BG@GIKNIKEH@Locked?5Down?5Link?5?$CFd?$AN?6?$AA@ 80006b20     eboot:tftpd.obj
 0001:00005b38       ??_C@_0DB@OCKCBBAL@No?5Server?5Process?5Associated?5Wit@ 80006b38     eboot:tftpd.obj
 0001:00005b6c       ??_C@_0CM@GLFMKKGH@TFTP?5packet?5could?5have?5?$CFd?5name?1v@ 80006b6c     eboot:tftpd.obj
 0001:00005b98       ??_C@_0FD@OCECBKGJ@There?5must?5be?5an?5even?5number?0?5an@ 80006b98     eboot:tftpd.obj
 0001:00005bec       ??_C@_01EEMJAFIK@?6?$AA@   80006bec     eboot:tftpd.obj
 0001:00005bf0       ??_C@_06CBLHAGFD@?$FLNULL?$FN?$AA@ 80006bf0     eboot:tftpd.obj
 0001:00005bf8       ??_C@_02HAOIJKIC@?$CFc?$AA@ 80006bf8     eboot:tftpd.obj
 0001:00005bfc       ??_C@_0CC@GNCPKJCA@Packet?5has?5the?5following?5data?3?6?5@ 80006bfc     eboot:tftpd.obj
 0001:00005c20       ??_C@_0CO@ILGKAEEB@An?5OACK?5packet?5is?5the?5proper?5ack@ 80006c20     eboot:tftpd.obj
 0001:00005ce0       ??_C@_0CG@EEFEGPIL@TftpReceiver?0?5port?3?50x?$CFX?0?5wkp?3?50@ 80006ce0     eboot:tftp.obj
 0001:00005d08       ??_C@_0EA@EBMLKPMN@TFTP?5link?$FL?$CFu?$FN?3?5State?3?$CFu?0?5DestAdd@ 80006d08     eboot:tftp.obj
 0001:00005d48       ??_C@_0DC@EJGDJHJD@TFTPRetransmit?$CI?$CJ?5Slot?5?$CFu?0?5wDestT@ 80006d48     eboot:tftp.obj
 0001:00005d7c       ??_C@_0BI@NOMLANFJ@Linked?5Timed?5Out?5By?5Odo?$AA@ 80006d7c     eboot:tftp.obj
 0001:00005d94       ??_C@_0CM@MLNGGHPC@TFTPRetransmit?$CI?$CJ?3?3Error?5On?5SendU@ 80006d94     eboot:tftp.obj
 0001:00005dc0       ??_C@_0DC@MHCCPLAO@TFtpStateMachine?3?3TFTP_STATE_CLO@ 80006dc0     eboot:tftp.obj
 0001:00005df4       ??_C@_0DJ@MEFFBBAC@TFTP?3?5Desktop?5losing?5ACK?0?5block?5@ 80006df4     eboot:tftp.obj
 0001:00005e30       ??_C@_0CH@DEDJGHKF@TFTP?5Error?5Received?5From?5Host?5?$CFX@ 80006e30     eboot:tftp.obj
 0001:00005e58       ??_C@_0BP@GBJGHCHP@?$CBTftpReturnCodes?0?5STATE_ERROR?6?$AA@ 80006e58     eboot:tftp.obj
 0001:00005e78       ??_C@_0BC@DCLKPECN@?$CB?$CB?$CB?$CB?5TFTP?5Errror?6?$AA@ 80006e78     eboot:tftp.obj
 0001:00005f1c       ??_C@_0CI@JEPIEHIP@?$CBCheckUDP?3?5UDP?5header?5checksum?5f@ 80006f1c     eboot:udp.obj
 0001:00005f44       ??_C@_0CH@KMPJEONK@?$CBCheckUDP?3?5IP?5header?5checksum?5fa@ 80006f44     eboot:udp.obj
 0001:00005f6c       ??_C@_0CD@OCEEFKNK@?$CBCheckUDP?3?5Not?5UDP?5?$CIproto?5?$DN?50x?$CFX@ 80006f6c     eboot:udp.obj
 0001:00005f90       ??_C@_0IL@GCFKAKKH@Duplicate?5IP?5Address?5Detected?3?6?9@ 80006f90     eboot:udp.obj
 0001:000060ac       ??_C@_0DO@EHKMGFMI@InitDHCP?$CI?$CJ?5Error?5?9?5First?5DHCP?5Op@ 800070ac     eboot:dhcp.obj
 0001:000060ec       ??_C@_0CF@NLOHFKBD@InitDHCP?$CI?$CJ?3?3?5Calling?5ProcessDHCP@ 800070ec     eboot:dhcp.obj
 0001:00006114       ??_C@_0BJ@MEOPKMJJ@Lease?5time?3?5?$CFd?5seconds?$AN?6?$AA@ 80007114     eboot:dhcp.obj
 0001:00006130       ??_C@_0O@DFHLFDCO@netmask?3?5?$CFs?$AN?6?$AA@ 80007130     eboot:dhcp.obj
 0001:00006140       ??_C@_0DC@KHEOJACB@?$AN?6ProcessDHCP?$CI?$CJ?3?3DHCP?5IP?5Address@ 80007140     eboot:dhcp.obj
 0001:00006174       ??_C@_0FI@EHEELHEE@ProcessDHCP?$CI?$CJ?3?3DHCP_REQUESTING?3?3@ 80007174     eboot:dhcp.obj
 0001:000061cc       ??_C@_0DC@EKKEKBDC@ProcessDHCP?$CI?$CJ?3?3DHCP_SELECTING?3?3S@ 800071cc     eboot:dhcp.obj
 0001:00006200       ??_C@_0FK@JNLIFC@ProcessDHCP?$CI?$CJ?3?3DHCP_SELECTING?3?3D@ 80007200     eboot:dhcp.obj
 0001:0000625c       ??_C@_0FI@KEBKGIEO@ProcessDHCP?$CI?$CJ?3?3DHCP_SELECTING?3?3D@ 8000725c     eboot:dhcp.obj
 0001:000062b4       ??_C@_0DK@EEIOPNMG@ProcessDHCP?$CI?$CJ?3?3DHCP_INIT?3?3SendDH@ 800072b4     eboot:dhcp.obj
 0001:000062f0       ??_C@_0BL@LBDFFECM@ProcessDHCP?$CI?$CJ?3?3DHCP_INIT?$AN?6?$AA@ 800072f0     eboot:dhcp.obj
 0001:0000630c       ??_C@_0DE@BHBNDGEJ@ProcessDHCP?$CI?$CJ?5Error?5?9?5No?5DHCP?5Me@ 8000730c     eboot:dhcp.obj
 0001:00006340       ??_C@_0DH@PCEEDOLK@?$CLEbootProcessDHCP?3?5State?3?5?$CFu?0?5pM@ 80007340     eboot:dhcp.obj
 0001:00006378       ??_C@_0CN@GEBEIIOD@SendDHCP?$CI?$CJ?3?3Error?5On?5DHCPRetrans@ 80007378     eboot:dhcp.obj
 0001:000063a8       ??_C@_0CG@GEIANEBC@SendDHCP?$CI?$CJ?3?3Error?5On?5SendUDP?$CI?$CJ?5C@ 800073a8     eboot:dhcp.obj
 0001:000063d0       ??_C@_0BH@NLCMGMCH@?$CLSendDHCP?0?5MsgType?3?5?$CFu?$AA@ 800073d0     eboot:dhcp.obj
 0001:000063e8       ??_C@_0DB@JKAMMNCP@EbootDHCPRetransmit?$CI?$CJ?3?3Error?5On?5@ 800073e8     eboot:dhcp.obj
 0001:0000641c       ??_C@_0DJ@BFJNBGOI@DHCPRetransmit?0?5retry?5count?5exce@ 8000741c     eboot:dhcp.obj
 0001:00006458       ??_C@_0CF@EHNDMJFM@?$CLDHCPRetransmit?3?5Retry?5?$CFu?0?5time?3@ 80007458     eboot:dhcp.obj
 0001:00006480       ??_C@_0CN@LEOAHJGK@?$CLDHCPRetransmit?3?51st?5transmissio@ 80007480     eboot:dhcp.obj
 0001:000064b0       ??_C@_0DF@CLENMEEN@?$AN?6Enter?5new?5subnet?5mask?5or?5CR?5to@ 800074b0     eboot:dhcp.obj
 0001:000064e8       ??_C@_0CI@NDANHPBF@?$AN?6ReadSerialIP?$CI?$CJ?3?3Using?5IP?5Addre@ 800074e8     eboot:dhcp.obj
 0001:000065a0       ??_C@_0BD@GIINPDL@Error?5in?5SendUDP?$AN?6?$AA@ 800075a0     eboot:edbg.obj
 0001:000065b4       ??_C@_0CC@IFLECHKJ@Got?5EDBG_CMD_CONFIG?0?5flags?30x?$CFX?$AN@ 800075b4     eboot:edbg.obj
 0001:000065d8       ??_C@_0BH@EBGODALL@Got?5EDBG_CMD_JUMPIMG?$AN?6?$AA@ 800075d8     eboot:edbg.obj
 0001:000065f0       ??_C@_0EE@BGOJJHDN@TFTP?5download?5started?5previously@ 800075f0     eboot:edbg.obj
 0001:00006634       ??_C@_0BE@MGGELJDD@Sent?5BOOTME?5to?5?$CFs?$AN?6?$AA@ 80007634     eboot:edbg.obj
 0001:00006648       ??_C@_0CI@BKOJILAL@SendBootme?$CI?$CJ?3?3Error?5on?5SendUDP?$CI?$CJ@ 80007648     eboot:edbg.obj
 0001:00006670       ??_C@_1FC@PNDMEFLG@?$AA?9?$AAO?$AAA?$AAL?$AAP?$AAC?$AAI?$AAF?$AAi?$AAn?$AAd?$AAN?$AAe?$AAx?$AAt?$AAI?$AAd?$AA?$CI?$AAr?$AAc?$AA?5?$AA?$DN?$AA?5?$AA?$CF?$AAd?$AA?0?$AA?5?$AAl?$AAo?$AAc?$AA?5?$AA?$DN@ 80007670     oal_pci_vrc5477_ms_v1:find.obj
 0001:000066c4       ??_C@_1FA@PHLOJJNK@?$AA?$CL?$AAO?$AAA?$AAL?$AAP?$AAC?$AAI?$AAF?$AAi?$AAn?$AAd?$AAN?$AAe?$AAx?$AAt?$AAI?$AAd?$AA?$CI?$AA?$CF?$AAd?$AA?0?$AA?5?$AA0?$AAx?$AA?$CF?$AA0?$AA8?$AAx?$AA?0?$AA?5?$AA0?$AAx@ 800076c4     oal_pci_vrc5477_ms_v1:find.obj
 0001:000067c8       OEMPlatformInit            800077c8 f   main.obj
 0001:00006a28       OEMPreDownload             80007a28 f   main.obj
 0001:00006c80       OEMReadData                80007c80 f   main.obj
 0001:00006cbc       OEMShowProgress            80007cbc f   main.obj
 0001:00006cc8       OEMLaunch                  80007cc8 f   main.obj
 0001:00006f94       OEMMapMemAddr              80007f94 f   main.obj
 0001:00007084       OALGetTickCount            80008084 f   main.obj
 0001:0000711c       OEMKitlGetSecs             8000811c f   main.obj
 0001:00007150       OALStall                   80008150 f   main.obj
 0001:000071b4       OEMIoControl               800081b4 f   main.obj
 0001:0000722c       NKPhysToVirt               8000822c f   main.obj
 0001:00007280       NKSetLastError             80008280 f   main.obj
 0001:0000728c       OEMDebugInit               8000828c f   debug.obj
 0001:000072fc       OEMWriteDebugByte          800082fc f   debug.obj
 0001:00007340       OEMWriteDebugString        80008340 f   debug.obj
 0001:0000739c       OEMReadDebugByte           8000839c f   debug.obj
 0001:00007410       OEMClearDebugCommError     80008410 f   debug.obj
 0001:00007418       BLFlashDownload            80008418 f   flash.obj
 0001:00007780       OEMIsFlashAddr             80008780 f   flash.obj
 0001:0000786c       OEMStartEraseFlash         8000886c f   flash.obj
 0001:000079b8       OEMContinueEraseFlash      800089b8 f   flash.obj
 0001:000079c0       OEMFinishEraseFlash        800089c0 f   flash.obj
 0001:00007b6c       OEMWriteFlash              80008b6c f   flash.obj
 0001:00007d7c       BLEthDownload              80008d7c f   eth.obj
 0001:000080ec       BLEthConfig                800090ec f   eth.obj
 0001:00008164       OEMEthGetFrame             80009164 f   eth.obj
 0001:000081d4       OEMEthSendFrame            800091d4 f   eth.obj
 0001:00008244       OALPCIInit                 80009244 f   pci.obj
 0001:00008958       OALPCITransBusAddress      80009958 f   pci.obj
 0001:00008dcc       INTERRUPTS_ENABLE          80009dcc f   pci.obj
 0001:00008dec       BLMenu                     80009dec f   menu.obj
 0001:00008e18       ShowSettings               80009e18 f   menu.obj
 0001:00008ff0       ShowNetworkSettings        80009ff0 f   menu.obj
 0001:0000911c       SaveSettings               8000a11c f   menu.obj
 0001:00009264       VRC5477Uart1Init           8000a264 f   uart.obj
 0001:00009420       VRC5477Uart1Send           8000a420 f   uart.obj
 0001:00009494       VRC5477Uart1Recv           8000a494 f   uart.obj
 0001:0000955c       VRC5477Uart1EnableInts     8000a55c f   uart.obj
 0001:00009564       VRC5477Uart1DisableInts    8000a564 f   uart.obj
 0001:0000956c       StartUp                    8000a56c f   startup.obj
 0001:00009624       JumpTo                     8000a624 f   startup.obj
 0001:0000962c       OALCacheInit               8000a62c f   oal_cache_vr5500_ms_v1:initcache.obj
 0001:000096f4       OALCacheGlobalsInit        8000a6f4 f   oal_cache_vr5500_ms_v1:initcache.obj
 0001:000097f0       OALFlushICache             8000a7f0 f   oal_cache_vr5500_ms_v1:flushic.obj
 0001:00009824       OALCleanDCache             8000a824 f   oal_cache_vr5500_ms_v1:flushdc.obj
 0001:00009824       OALFlushDCache             8000a824 f   oal_cache_vr5500_ms_v1:flushdc.obj
 0001:0000985c       OALIoCtlHalDdkCall         8000a85c f   oal_io_pci:ioctl.obj
 0001:00009e5c       OALIoBusPowerOff           8000ae5c f   oal_io_pci:power.obj
 0001:00009f6c       OALIoBusPowerOn            8000af6c f   oal_io_pci:power.obj
 0001:0000a07c       OALIoTransBusAddress       8000b07c f   oal_io_pci:trans.obj
 0001:0000a254       OALIoTransSystemAddress    8000b254 f   oal_io_pci:trans.obj
 0001:0000a388       OALIoReadBusData           8000b388 f   oal_io_pci:data.obj
 0001:0000a430       OALIoWriteBusData          8000b430 f   oal_io_pci:data.obj
 0001:0000a4b0       OALPCIConfig               8000b4b0 f   oal_pci_vrc5477_ms_v1:config.obj
 0001:0000b69c       OALPCICfgRead              8000c69c f   oal_pci_vrc5477_ms_v1:pci.obj
 0001:0000bc20       OALPCICfgWrite             8000cc20 f   oal_pci_vrc5477_ms_v1:pci.obj
 0001:0000c228       OALPCIPowerOff             8000d228 f   oal_pci_vrc5477_ms_v1:pci.obj
 0001:0000c234       OALPCIPowerOn              8000d234 f   oal_pci_vrc5477_ms_v1:pci.obj
 0001:0000c240       OALPCIGetId                8000d240 f   oal_pci_vrc5477_ms_v1:id.obj
 0001:0000c36c       OALPCIGetMBAR              8000d36c f   oal_pci_vrc5477_ms_v1:id.obj
 0001:0000c4bc       OALPCIGetInterruptPin      8000d4bc f   oal_pci_vrc5477_ms_v1:id.obj
 0001:0000c5ec       OALPCIGetHeaderType        8000d5ec f   oal_pci_vrc5477_ms_v1:id.obj
 0001:0000c720       OALPCIGetSecBusNum         8000d720 f   oal_pci_vrc5477_ms_v1:id.obj
 0001:0000c854       OALPCIGetSubBusNum         8000d854 f   oal_pci_vrc5477_ms_v1:id.obj
 0001:0000c988       OALTimerGetCount           8000d988 f   oal_timer_mips_fixtick:count.obj
 0001:0000c990       OALTimerGetCompare         8000d990 f   oal_timer_mips_fixtick:count.obj
 0001:0000c998       OALTimerSetCompare         8000d998 f   oal_timer_mips_fixtick:count.obj
 0001:0000c9a0       OALLogSetZones             8000d9a0 f   oal_log:debug.obj
 0001:0000ca14       OALFlashInfo               8000da14 f   oal_flash:flash.obj
 0001:0000d530       OALFlashTiming             8000e530 f   oal_flash:flash.obj
 0001:0000d710       OALFlashLock               8000e710 f   oal_flash:flash.obj
 0001:0000df3c       OALFlashErase              8000ef3c f   oal_flash:flash.obj
 0001:0000e548       OALFlashEraseStart         8000f548 f   oal_flash:flash.obj
 0001:0000e8cc       OALFlashEraseContinue      8000f8cc f   oal_flash:flash.obj
 0001:0000ec64       OALFlashWrite              8000fc64 f   oal_flash:flash.obj
 0001:0000f630       OALFlashLockDown           80010630 f   oal_flash:flash.obj
 0001:0000f978       OALKitlFindDevice          80010978 f   oal_kitl_pci_boot:device.obj
 0001:0000fe64       OALKitlDeviceName          80010e64 f   oal_kitl_pci_boot:device.obj
 0001:000100d0       OALKitlDeviceType          800110d0 f   oal_kitl_pci_boot:device.obj
 0001:000102d0       OALKitlCreateName          800112d0 f   oal_kitl_pci_boot:name.obj
 0001:00010578       OALKitlIPtoString          80011578 f   oal_kitl_pci_boot:format.obj
 0001:00010614       OALKitlMACtoString         80011614 f   oal_kitl_pci_boot:format.obj
 0001:000106cc       OALKitlStringToIP          800116cc f   oal_kitl_pci_boot:format.obj
 0001:00010834       OALKitlStringToMAC         80011834 f   oal_kitl_pci_boot:format.obj
 0001:00010aec       RTL8139InitDMABuffer       80011aec f   oal_ethdrv_rtl8139:rtl8139.obj
 0001:00010df0       RTL8139Init                80011df0 f   oal_ethdrv_rtl8139:rtl8139.obj
 0001:000112c4       RTL8139SendFrame           800122c4 f   oal_ethdrv_rtl8139:rtl8139.obj
 0001:00011524       RTL8139GetFrame            80012524 f   oal_ethdrv_rtl8139:rtl8139.obj
 0001:000118b4       RTL8139EnableInts          800128b4 f   oal_ethdrv_rtl8139:rtl8139.obj
 0001:0001198c       RTL8139DisableInts         8001298c f   oal_ethdrv_rtl8139:rtl8139.obj
 0001:00011a64       RTL8139CurrentPacketFilter 80012a64 f   oal_ethdrv_rtl8139:rtl8139.obj
 0001:00011c9c       RTL8139MulticastList       80012c9c f   oal_ethdrv_rtl8139:rtl8139.obj
 0001:00012048       AM79C973InitDMABuffer      80013048 f   oal_ethdrv_am79c973:am79c973.obj
 0001:00012204       AM79C973Init               80013204 f   oal_ethdrv_am79c973:am79c973.obj
 0001:00012a60       AM79C973PowerOff           80013a60 f   oal_ethdrv_am79c973:am79c973.obj
 0001:00012ad0       AM79C973PowerOn            80013ad0 f   oal_ethdrv_am79c973:am79c973.obj
 0001:00012af0       AM79C973SendFrame          80013af0 f   oal_ethdrv_am79c973:am79c973.obj
 0001:00012d30       AM79C973GetFrame           80013d30 f   oal_ethdrv_am79c973:am79c973.obj
 0001:0001301c       AM79C973EnableInts         8001401c f   oal_ethdrv_am79c973:am79c973.obj
 0001:00013108       AM79C973DisableInts        80014108 f   oal_ethdrv_am79c973:am79c973.obj
 0001:000131d8       AM79C973CurrentPacketFilter 800141d8 f   oal_ethdrv_am79c973:am79c973.obj
 0001:00013458       AM79C973MulticastList      80014458 f   oal_ethdrv_am79c973:am79c973.obj
 0001:0001387c       OALBLMenuActivate          8001487c f   oal_blmenu_pci:menu.obj
 0001:00013998       OALBLMenuHeader            80014998 f   oal_blmenu_pci:menu.obj
 0001:00013a9c       OALBLMenuShow              80014a9c f   oal_blmenu_pci:menu.obj
 0001:00013c20       OALBLMenuEnable            80014c20 f   oal_blmenu_pci:menu.obj
 0001:00013ecc       OALBLMenuSetMacAddress     80014ecc f   oal_blmenu_pci:menu.obj
 0001:00014058       OALBLMenuSetIpAddress      80015058 f   oal_blmenu_pci:menu.obj
 0001:000141b8       OALBLMenuSetIpMask         800151b8 f   oal_blmenu_pci:menu.obj
 0001:00014318       OALBLMenuSetDeviceId       80015318 f   oal_blmenu_pci:menu.obj
 0001:00014464       OALBLMenuSelectDevice      80015464 f   oal_blmenu_pci:menu.obj
 0001:00014890       OALBLMenuReadLine          80015890 f   oal_blmenu_pci:menu.obj
 0001:000149fc       OALBLMenuReadKey           800159fc f   oal_blmenu_pci:menu.obj
 0001:00014ac8       NKDbgPrintfW               80015ac8 f   oal_blnk:wrappers.obj
 0001:00014b10       NKvDbgPrintfW              80015b10 f   oal_blnk:wrappers.obj
 0001:00014b5c       NKwvsprintfW               80015b5c f   oal_blnk:format.obj
 0001:000165d0       BootloaderMain             800175d0 f   oal_blcommon:blcommon.obj
 0001:00017d1c       Nib2HexChar                80018d1c f   oal_blcommon:blcommon.obj
 0001:00017da8       KITLOutputDebugString      80018da8 f   oal_blcommon:format.obj
 0001:00018588       FormatString               80019588 f   oal_blcommon:format.obj
 0001:00018fb8       inet_ntoa                  80019fb8 f   oal_blcommon:format.obj
 0001:00019048       inet_addr                  8001a048 f   oal_blcommon:format.obj
 0001:00019158       READ_REGISTER_UCHAR        8001a158 f   ddk_io:ddk_io.obj
 0001:0001917c       READ_REGISTER_USHORT       8001a17c f   ddk_io:ddk_io.obj
 0001:000191a0       READ_REGISTER_ULONG        8001a1a0 f   ddk_io:ddk_io.obj
 0001:000191c4       READ_REGISTER_BUFFER_UCHAR 8001a1c4 f   ddk_io:ddk_io.obj
 0001:00019214       READ_REGISTER_BUFFER_USHORT 8001a214 f   ddk_io:ddk_io.obj
 0001:00019264       READ_REGISTER_BUFFER_ULONG 8001a264 f   ddk_io:ddk_io.obj
 0001:000192b4       WRITE_REGISTER_UCHAR       8001a2b4 f   ddk_io:ddk_io.obj
 0001:000192d0       WRITE_REGISTER_USHORT      8001a2d0 f   ddk_io:ddk_io.obj
 0001:000192ec       WRITE_REGISTER_ULONG       8001a2ec f   ddk_io:ddk_io.obj
 0001:00019308       WRITE_REGISTER_BUFFER_UCHAR 8001a308 f   ddk_io:ddk_io.obj
 0001:00019358       WRITE_REGISTER_BUFFER_USHORT 8001a358 f   ddk_io:ddk_io.obj
 0001:000193a8       WRITE_REGISTER_BUFFER_ULONG 8001a3a8 f   ddk_io:ddk_io.obj
 0001:000193f8       READ_PORT_UCHAR            8001a3f8 f   ddk_io:ddk_io.obj
 0001:0001941c       READ_PORT_USHORT           8001a41c f   ddk_io:ddk_io.obj
 0001:00019440       READ_PORT_ULONG            8001a440 f   ddk_io:ddk_io.obj
 0001:00019464       READ_PORT_BUFFER_UCHAR     8001a464 f   ddk_io:ddk_io.obj
 0001:000194b4       READ_PORT_BUFFER_USHORT    8001a4b4 f   ddk_io:ddk_io.obj
 0001:00019504       READ_PORT_BUFFER_ULONG     8001a504 f   ddk_io:ddk_io.obj
 0001:00019554       WRITE_PORT_UCHAR           8001a554 f   ddk_io:ddk_io.obj
 0001:00019570       WRITE_PORT_USHORT          8001a570 f   ddk_io:ddk_io.obj
 0001:0001958c       WRITE_PORT_ULONG           8001a58c f   ddk_io:ddk_io.obj
 0001:000195a8       WRITE_PORT_BUFFER_UCHAR    8001a5a8 f   ddk_io:ddk_io.obj
 0001:000195f8       WRITE_PORT_BUFFER_USHORT   8001a5f8 f   ddk_io:ddk_io.obj
 0001:00019648       WRITE_PORT_BUFFER_ULONG    8001a648 f   ddk_io:ddk_io.obj
 0001:00019698       EbootInitTftpSimple        8001a698 f   eboot:ebsimp.obj
 0001:00019804       EbootEtherReadData         8001a804 f   eboot:ebsimp.obj
 0001:00019a7c       EbootCheckIP               8001aa7c f   eboot:ebsimp.obj
 0001:00019bac       EbootGetDHCPAddr           8001abac f   eboot:ebsimp.obj
 0001:00019e60       EbootSendBootmeAndWaitForTftp 8001ae60 f   eboot:ebsimp.obj
 0001:0001a0e0       EbootWaitForHostConnect    8001b0e0 f   eboot:ebsimp.obj
 0001:0001a224       EbootInitEtherTransport    8001b224 f   eboot:ebsimp.obj
 0001:0001a3c8       EbootInitTFtpd             8001b3c8 f   eboot:tftpd.obj
 0001:0001a428       tolower                    8001b428 f   eboot:tftpd.obj
 0001:0001a488       EbootTFtpdServerRegister   8001b488 f   eboot:tftpd.obj
 0001:0001a5d4       EbootTFtpdServerUnRegister 8001b5d4 f   eboot:tftpd.obj
 0001:0001a748       GenerateSrcPort            8001b748 f   eboot:tftpd.obj
 0001:0001a764       TFtpdFormNewLink           8001b764 f   eboot:tftpd.obj
 0001:0001b0c4       TFtpdCallBack              8001c0c4 f   eboot:tftpd.obj
 0001:0001ba94       EbootInitTFtp              8001ca94 f   eboot:tftp.obj
 0001:0001bb1c       EbootTFtpReceiver          8001cb1c f   eboot:tftp.obj
 0001:0001be38       TFTPRetransmit             8001ce38 f   eboot:tftp.obj
 0001:0001c0d8       TFtpKillLink               8001d0d8 f   eboot:tftp.obj
 0001:0001c360       TFtpStateMachine           8001d360 f   eboot:tftp.obj
 0001:0001cb24       TFtpOpen                   8001db24 f   eboot:tftp.obj
 0001:0001d0ac       TFtpRead                   8001e0ac f   eboot:tftp.obj
 0001:0001d4b0       TFtpWrite                  8001e4b0 f   eboot:tftp.obj
 0001:0001d8c4       SrcAddrFromFrame           8001e8c4 f   eboot:udp.obj
 0001:0001d9a0       EbootProcessARP            8001e9a0 f   eboot:udp.obj
 0001:0001dd78       EbootGratuitousARP         8001ed78 f   eboot:udp.obj
 0001:0001dfcc       EbootSendUDP               8001efcc f   eboot:udp.obj
 0001:0001e424       SetPromiscuousIP           8001f424 f   eboot:udp.obj
 0001:0001e438       ClearPromiscuousIP         8001f438 f   eboot:udp.obj
 0001:0001e448       EbootCheckUDP              8001f448 f   eboot:udp.obj
 0001:0001e9f0       EbootInitDHCP              8001f9f0 f   eboot:dhcp.obj
 0001:0001ea80       EbootProcessDHCP           8001fa80 f   eboot:dhcp.obj
 0001:0001f0cc       SendDHCP                   800200cc f   eboot:dhcp.obj
 0001:0001f780       DHCPBuildOps               80020780 f   eboot:dhcp.obj
 0001:0001fcd4       DHCPFindOption             80020cd4 f   eboot:dhcp.obj
 0001:0001fdec       DHCPParseField             80020dec f   eboot:dhcp.obj
 0001:0001fe70       EbootDHCPRetransmit        80020e70 f   eboot:dhcp.obj
 0001:000200fc       EbootDHCPDecline           800210fc f   eboot:dhcp.obj
 0001:000201dc       EbootReadSerialIP          800211dc f   eboot:dhcp.obj
 0001:00020480       EbootProcessEDBG           80021480 f   eboot:edbg.obj
 0001:00020744       EbootSendBootme            80021744 f   eboot:edbg.obj
 0001:00020a04       __security_init_cookie     80021a04 f   gsnull:gsnull.obj
 0001:00020a28       __report_gsfailure         80021a28 f   gsnull:gsnull.obj
 0001:00020a38       memcmp                     80021a38 f   fulllibc:memorym.obj
 0001:00020db0       memcpy                     80021db0 f   fulllibc:memorym.obj
 0001:00020ee4       memmove                    80021ee4 f   fulllibc:memorym.obj
 0001:0002167c       memset                     8002267c f   fulllibc:memorym.obj
 0001:00021814       __GSHandlerCheck           80022814 f   fulllibc:gshandler.obj
 0001:00021864       __GSHandlerCheckCommon     80022864 f   fulllibc:gshandler.obj
 0001:00021914       __security_check_cookie    80022914 f   fulllibc:mipssecgs.obj
 0001:0002195c       __ll_div                   8002295c f   fulllibc:lldiv.obj
 0001:00021f4c       __ull_div                  80022f4c f   fulllibc:lldiv.obj
 0001:000220d8       __ll_rem                   800230d8 f   fulllibc:lldiv.obj
 0001:000223f4       __ull_rem                  800233f4 f   fulllibc:lldiv.obj
 0001:00022580       __ll_mod                   80023580 f   fulllibc:lldiv.obj
 0001:00022698       strcmp                     80023698 f   fulllibc:strcmpm.obj
 0001:000226dc       atol                       800236dc f   fulllibc:atox.obj
 0001:000228c0       atoi                       800238c0 f   fulllibc:atox.obj
 0001:000228f4       strcpy                     800238f4 f   fulllibc:strcpym.obj
 0001:00022a40       strlen                     80023a40 f   fulllibc:strlenm.obj
 0001:00022a60       _itoa                      80023a60 f   fulllibc:xtoa.obj
 0001:00022c5c       _ltoa                      80023c5c f   fulllibc:xtoa.obj
 0001:00022cd4       _ultoa                     80023cd4 f   fulllibc:xtoa.obj
 0001:00022d1c       strncpy                    80023d1c f   fulllibc:strncpy.obj
 0001:00022de8       strcat                     80023de8 f   fulllibc:strcatm.obj
 0001:00022f48       __ull_divrem_6416          80023f48 f   fulllibc:lldivrem.obj
 0001:000230e4       __raise_int_divide_by_zero 800240e4 f   fulllibc:diverr.obj
 0001:00023118       __raise_int_overflow       80024118 f   fulllibc:diverr.obj
 0001:0002314c       __ll_lshift                8002414c f   fulllibc:llshift.obj
 0001:00023194       __ull_rshift               80024194 f   fulllibc:llshift.obj
 0001:000231dc       __ll_rshift                800241dc f   fulllibc:llshift.obj
 0001:00023224       __crtRaiseException        80024224 f   fulllibc:raiseexc.obj
 0001:00023268       OALPCIFindNextId           80024268 f   oal_pci_vrc5477_ms_v1:find.obj
 0001:00023638       OALLogSerial               80024638 f   oal_log:log.obj
 0001:000236a8       OALLogPrintf               800246a8 f   oal_log:log.obj
 0002:00000080       g_kitlDevices              80025080     main.obj
 0002:000000f8       g_bootDevices              800250f8     main.obj
 0002:00000308       initialOALLogZones         80025308     oal_log:debug.obj
 0002:0000030c       dpCurSettings              8002530c     oal_log:debug.obj
 0002:000007a4       __security_cookie          800257a4     gsnull:gsnull.obj
 0002:000007a8       __security_cookie_complement 800257a8     gsnull:gsnull.obj
 0002:00012cbc       bDoLaunch                  80037cbc     eboot:tftpd.obj
 0002:00012cc0       TftpPeerAddr               80037cc0     eboot:tftpd.obj
 0002:00012f70       g_bootPage                 80037f70     <common>
 0002:00012f80       g_bootCfg                  80037f80     <common>
 0002:00012fe0       g_oalCacheInfo             80037fe0     <common>
 0002:00013028       szSprintf                  80038028     <common>
 0002:0001302c       g_pOEMVerifyMemory         8003802c     <common>
 0002:00013030       g_dwROMOffset              80038030     <common>
 0002:00013034       g_pOEMReportError          80038034     <common>
 0002:00013038       g_pOEMMultiBINNotify       80038038     <common>
 0002:0001303c       g_pOEMCheckSignature       8003803c     <common>
 0002:00013040       TFtpLinks                  80038040     <common>
 0002:00013900       wOdoWellKnownServerPort    80038900     <common>
 0002:00013902       wHostWellKnownServerPort   80038902     <common>
 0002:00013904       nNumTFtpLinksInUse         80038904     <common>
 0002:00013920       TFTPFrameBuffer            80038920     <common>
 0002:00013d60       TFtpdServerRegistry        80038d60     <common>

 entry point at        0001:0000956c

 Static symbols

 0001:0000a674       PCIConfigBus               8000b674 f   oal_pci_vrc5477_ms_v1:config.obj
 0001:0000a8d0       PCIScanLocation            8000b8d0 f   oal_pci_vrc5477_ms_v1:config.obj
 0001:0000acd4       PCIConfigDevice            8000bcd4 f   oal_pci_vrc5477_ms_v1:config.obj
 0001:0000b134       PCIConfigBridge            8000c134 f   oal_pci_vrc5477_ms_v1:config.obj
 0001:0000d148       ReadInfo                   8000e148 f   oal_flash:flash.obj
 0001:0000d330       WriteCommand               8000e330 f   oal_flash:flash.obj
 0001:0000d968       LockBlock1                 8000e968 f   oal_flash:flash.obj
 0001:0000dac4       BitsOr                     8000eac4 f   oal_flash:flash.obj
 0001:0000dcf4       BitsAnd                    8000ecf4 f   oal_flash:flash.obj
 0001:0000df10       LockBlock2                 8000ef10 f   oal_flash:flash.obj
 0001:0000e28c       EraseBlock1                8000f28c f   oal_flash:flash.obj
 0001:0000e3d8       EraseBlock2                8000f3d8 f   oal_flash:flash.obj
 0001:0000e82c       StartEraseBlock1           8000f82c f   oal_flash:flash.obj
 0001:0000e8a4       StartEraseBlock2           8000f8a4 f   oal_flash:flash.obj
 0001:0000eb70       ContinueEraseBlock1        8000fb70 f   oal_flash:flash.obj
 0001:0000ec38       ContinueEraseBlock2        8000fc38 f   oal_flash:flash.obj
 0001:0000f22c       WriteData1                 8001022c f   oal_flash:flash.obj
 0001:0000f3c0       WriteData2                 800103c0 f   oal_flash:flash.obj
 0001:0000f87c       LockDownBlock1             8001087c f   oal_flash:flash.obj
 0001:0000f950       LockDownBlock2             80010950 f   oal_flash:flash.obj
 0001:0000fd18       OALKitlPCIInfo             80010d18 f   oal_kitl_pci_boot:device.obj
 0001:00011f20       ComputeCRC                 80012f20 f   oal_ethdrv_rtl8139:rtl8139.obj
 0001:00012370       HWInit                     80013370 f   oal_ethdrv_am79c973:am79c973.obj
 0001:000128b4       ReadCSR                    800138b4 f   oal_ethdrv_am79c973:am79c973.obj
 0001:00012908       WriteCSR                   80013908 f   oal_ethdrv_am79c973:am79c973.obj
 0001:00012958       WriteBCR                   80013958 f   oal_ethdrv_am79c973:am79c973.obj
 0001:000129a8       ReadPhy                    800139a8 f   oal_ethdrv_am79c973:am79c973.obj
 0001:0001375c       HashAddress                8001475c f   oal_ethdrv_am79c973:am79c973.obj
 0001:00014a7c       DeviceId                   80015a7c f   oal_blmenu_pci:menu.obj
 0001:000163b0       GetFormatValue             800173b0 f   oal_blnk:format.obj
 0001:0001653c       Reverse                    8001753c f   oal_blnk:format.obj
 0001:000167f0       HALT                       800177f0 f   oal_blcommon:blcommon.obj
 0001:0001683c       KernelRelocate             8001783c f   oal_blcommon:blcommon.obj
 0001:00016954       DownloadImage              80017954 f   oal_blcommon:blcommon.obj
 0001:00016bf0       GetImageType               80017bf0 f   oal_blcommon:blcommon.obj
 0001:00016db8       CheckImageManifest         80017db8 f   oal_blcommon:blcommon.obj
 0001:00016f04       VerifyChecksum             80017f04 f   oal_blcommon:blcommon.obj
 0001:00016fdc       DownloadBin                80017fdc f   oal_blcommon:blcommon.obj
 0001:00017664       DownloadNB0                80018664 f   oal_blcommon:blcommon.obj
 0001:0001791c       WriteImageToFlash          8001891c f   oal_blcommon:blcommon.obj
 0001:00017a84       ComputeChecksum            80018a84 f   oal_blcommon:blcommon.obj
 0001:00017b9c       IsKernelRegion             80018b9c f   oal_blcommon:blcommon.obj
 0001:00018da4       pOutputByte                80019da4 f   oal_blcommon:format.obj
 0001:00018e10       pOutputNumHex              80019e10 f   oal_blcommon:format.obj
 0001:00018ed0       pOutputNumDecimal          80019ed0 f   oal_blcommon:format.obj
 0001:00018f3c       OutputString               80019f3c f   oal_blcommon:format.obj
 0001:00019734       EbootSimpleCallback        8001a734 f   eboot:ebsimp.obj
 0001:0001e7a0       DuplicateIPWarning         8001f7a0 f   eboot:udp.obj
 0001:0001e880       CRC                        8001f880 f   eboot:udp.obj
 0001:0001fb3c       FormatDHCPName             80020b3c f   eboot:dhcp.obj
 0001:0001fc30       HexToChar                  80020c30 f   eboot:dhcp.obj
 0001:00021ca0       __ull_divrem_6464          80022ca0 f   fulllibc:lldiv.obj
 0001:00021e94       ll_firstbit                80022e94 f   fulllibc:lldiv.obj
 0001:0002282c       isspace                    8002382c f   fulllibc:atox.obj
 0001:00022ae4       xtoa                       80023ae4 f   fulllibc:xtoa.obj
